Archive member included because of file (symbol)

c:/coocox/arm-2011.03-coocox/bin/../lib/gcc/arm-none-eabi/4.5.2/../../../../arm-none-eabi/lib/thumb2\libc.a(lib_a-vsnprintf.o)
                              ..\obj\hd44780.o (vsnprintf)
c:/coocox/arm-2011.03-coocox/bin/../lib/gcc/arm-none-eabi/4.5.2/../../../../arm-none-eabi/lib/thumb2\libc.a(lib_a-impure.o)
                              c:/coocox/arm-2011.03-coocox/bin/../lib/gcc/arm-none-eabi/4.5.2/../../../../arm-none-eabi/lib/thumb2\libc.a(lib_a-vsnprintf.o) (_impure_ptr)
c:/coocox/arm-2011.03-coocox/bin/../lib/gcc/arm-none-eabi/4.5.2/../../../../arm-none-eabi/lib/thumb2\libc.a(lib_a-svfprintf.o)
                              c:/coocox/arm-2011.03-coocox/bin/../lib/gcc/arm-none-eabi/4.5.2/../../../../arm-none-eabi/lib/thumb2\libc.a(lib_a-vsnprintf.o) (_svfprintf_r)
c:/coocox/arm-2011.03-coocox/bin/../lib/gcc/arm-none-eabi/4.5.2/../../../../arm-none-eabi/lib/thumb2\libc.a(lib_a-dtoa.o)
                              c:/coocox/arm-2011.03-coocox/bin/../lib/gcc/arm-none-eabi/4.5.2/../../../../arm-none-eabi/lib/thumb2\libc.a(lib_a-svfprintf.o) (_dtoa_r)
c:/coocox/arm-2011.03-coocox/bin/../lib/gcc/arm-none-eabi/4.5.2/../../../../arm-none-eabi/lib/thumb2\libc.a(lib_a-locale.o)
                              c:/coocox/arm-2011.03-coocox/bin/../lib/gcc/arm-none-eabi/4.5.2/../../../../arm-none-eabi/lib/thumb2\libc.a(lib_a-svfprintf.o) (_localeconv_r)
c:/coocox/arm-2011.03-coocox/bin/../lib/gcc/arm-none-eabi/4.5.2/../../../../arm-none-eabi/lib/thumb2\libc.a(lib_a-malloc.o)
                              c:/coocox/arm-2011.03-coocox/bin/../lib/gcc/arm-none-eabi/4.5.2/../../../../arm-none-eabi/lib/thumb2\libc.a(lib_a-dtoa.o) (malloc)
c:/coocox/arm-2011.03-coocox/bin/../lib/gcc/arm-none-eabi/4.5.2/../../../../arm-none-eabi/lib/thumb2\libc.a(lib_a-mallocr.o)
                              c:/coocox/arm-2011.03-coocox/bin/../lib/gcc/arm-none-eabi/4.5.2/../../../../arm-none-eabi/lib/thumb2\libc.a(lib_a-svfprintf.o) (_malloc_r)
c:/coocox/arm-2011.03-coocox/bin/../lib/gcc/arm-none-eabi/4.5.2/../../../../arm-none-eabi/lib/thumb2\libc.a(lib_a-memchr.o)
                              c:/coocox/arm-2011.03-coocox/bin/../lib/gcc/arm-none-eabi/4.5.2/../../../../arm-none-eabi/lib/thumb2\libc.a(lib_a-svfprintf.o) (memchr)
c:/coocox/arm-2011.03-coocox/bin/../lib/gcc/arm-none-eabi/4.5.2/../../../../arm-none-eabi/lib/thumb2\libc.a(lib_a-memcpy.o)
                              c:/coocox/arm-2011.03-coocox/bin/../lib/gcc/arm-none-eabi/4.5.2/../../../../arm-none-eabi/lib/thumb2\libc.a(lib_a-dtoa.o) (memcpy)
c:/coocox/arm-2011.03-coocox/bin/../lib/gcc/arm-none-eabi/4.5.2/../../../../arm-none-eabi/lib/thumb2\libc.a(lib_a-mlock.o)
                              c:/coocox/arm-2011.03-coocox/bin/../lib/gcc/arm-none-eabi/4.5.2/../../../../arm-none-eabi/lib/thumb2\libc.a(lib_a-mallocr.o) (__malloc_lock)
c:/coocox/arm-2011.03-coocox/bin/../lib/gcc/arm-none-eabi/4.5.2/../../../../arm-none-eabi/lib/thumb2\libc.a(lib_a-mprec.o)
                              c:/coocox/arm-2011.03-coocox/bin/../lib/gcc/arm-none-eabi/4.5.2/../../../../arm-none-eabi/lib/thumb2\libc.a(lib_a-dtoa.o) (_Balloc)
c:/coocox/arm-2011.03-coocox/bin/../lib/gcc/arm-none-eabi/4.5.2/../../../../arm-none-eabi/lib/thumb2\libc.a(lib_a-s_fpclassify.o)
                              c:/coocox/arm-2011.03-coocox/bin/../lib/gcc/arm-none-eabi/4.5.2/../../../../arm-none-eabi/lib/thumb2\libc.a(lib_a-svfprintf.o) (__fpclassifyd)
c:/coocox/arm-2011.03-coocox/bin/../lib/gcc/arm-none-eabi/4.5.2/../../../../arm-none-eabi/lib/thumb2\libc.a(lib_a-sbrkr.o)
                              c:/coocox/arm-2011.03-coocox/bin/../lib/gcc/arm-none-eabi/4.5.2/../../../../arm-none-eabi/lib/thumb2\libc.a(lib_a-mallocr.o) (_sbrk_r)
c:/coocox/arm-2011.03-coocox/bin/../lib/gcc/arm-none-eabi/4.5.2/../../../../arm-none-eabi/lib/thumb2\libc.a(lib_a-strcmp.o)
                              c:/coocox/arm-2011.03-coocox/bin/../lib/gcc/arm-none-eabi/4.5.2/../../../../arm-none-eabi/lib/thumb2\libc.a(lib_a-locale.o) (strcmp)
c:/coocox/arm-2011.03-coocox/bin/../lib/gcc/arm-none-eabi/4.5.2/../../../../arm-none-eabi/lib/thumb2\libc.a(lib_a-strlen.o)
                              c:/coocox/arm-2011.03-coocox/bin/../lib/gcc/arm-none-eabi/4.5.2/../../../../arm-none-eabi/lib/thumb2\libc.a(lib_a-svfprintf.o) (strlen)
c:/coocox/arm-2011.03-coocox/bin/../lib/gcc/arm-none-eabi/4.5.2/../../../../arm-none-eabi/lib/thumb2\libc.a(lib_a-svfiprintf.o)
                              c:/coocox/arm-2011.03-coocox/bin/../lib/gcc/arm-none-eabi/4.5.2/../../../../arm-none-eabi/lib/thumb2\libc.a(lib_a-svfprintf.o) (__ssprint_r)
c:/coocox/arm-2011.03-coocox/bin/../lib/gcc/arm-none-eabi/4.5.2/../../../../arm-none-eabi/lib/thumb2\libc.a(lib_a-callocr.o)
                              c:/coocox/arm-2011.03-coocox/bin/../lib/gcc/arm-none-eabi/4.5.2/../../../../arm-none-eabi/lib/thumb2\libc.a(lib_a-mprec.o) (_calloc_r)
c:/coocox/arm-2011.03-coocox/bin/../lib/gcc/arm-none-eabi/4.5.2/../../../../arm-none-eabi/lib/thumb2\libc.a(lib_a-freer.o)
                              c:/coocox/arm-2011.03-coocox/bin/../lib/gcc/arm-none-eabi/4.5.2/../../../../arm-none-eabi/lib/thumb2\libc.a(lib_a-malloc.o) (_free_r)
c:/coocox/arm-2011.03-coocox/bin/../lib/gcc/arm-none-eabi/4.5.2/../../../../arm-none-eabi/lib/thumb2\libc.a(lib_a-memmove.o)
                              c:/coocox/arm-2011.03-coocox/bin/../lib/gcc/arm-none-eabi/4.5.2/../../../../arm-none-eabi/lib/thumb2\libc.a(lib_a-svfiprintf.o) (memmove)
c:/coocox/arm-2011.03-coocox/bin/../lib/gcc/arm-none-eabi/4.5.2/../../../../arm-none-eabi/lib/thumb2\libc.a(lib_a-memset.o)
                              c:/coocox/arm-2011.03-coocox/bin/../lib/gcc/arm-none-eabi/4.5.2/../../../../arm-none-eabi/lib/thumb2\libc.a(lib_a-callocr.o) (memset)
c:/coocox/arm-2011.03-coocox/bin/../lib/gcc/arm-none-eabi/4.5.2/../../../../arm-none-eabi/lib/thumb2\libc.a(lib_a-reallocr.o)
                              c:/coocox/arm-2011.03-coocox/bin/../lib/gcc/arm-none-eabi/4.5.2/../../../../arm-none-eabi/lib/thumb2\libc.a(lib_a-svfiprintf.o) (_realloc_r)
c:/coocox/arm-2011.03-coocox/bin/../lib/gcc/arm-none-eabi/4.5.2/../../../../arm-none-eabi/lib/thumb2\libc.a(lib_a-reent.o)
                              c:/coocox/arm-2011.03-coocox/bin/../lib/gcc/arm-none-eabi/4.5.2/../../../../arm-none-eabi/lib/thumb2\libc.a(lib_a-sbrkr.o) (errno)
c:/coocox/arm-2011.03-coocox/bin/../lib/gcc/arm-none-eabi/4.5.2/thumb2\libgcc.a(_udivsi3.o)
                              c:/coocox/arm-2011.03-coocox/bin/../lib/gcc/arm-none-eabi/4.5.2/../../../../arm-none-eabi/lib/thumb2\libc.a(lib_a-dtoa.o) (__aeabi_uidiv)
c:/coocox/arm-2011.03-coocox/bin/../lib/gcc/arm-none-eabi/4.5.2/thumb2\libgcc.a(_dvmd_tls.o)
                              c:/coocox/arm-2011.03-coocox/bin/../lib/gcc/arm-none-eabi/4.5.2/thumb2\libgcc.a(_udivsi3.o) (__aeabi_idiv0)
c:/coocox/arm-2011.03-coocox/bin/../lib/gcc/arm-none-eabi/4.5.2/thumb2\libgcc.a(_arm_addsubdf3.o)
                              c:/coocox/arm-2011.03-coocox/bin/../lib/gcc/arm-none-eabi/4.5.2/../../../../arm-none-eabi/lib/thumb2\libc.a(lib_a-dtoa.o) (__aeabi_dsub)
c:/coocox/arm-2011.03-coocox/bin/../lib/gcc/arm-none-eabi/4.5.2/thumb2\libgcc.a(_arm_muldivdf3.o)
                              c:/coocox/arm-2011.03-coocox/bin/../lib/gcc/arm-none-eabi/4.5.2/../../../../arm-none-eabi/lib/thumb2\libc.a(lib_a-dtoa.o) (__aeabi_dmul)
c:/coocox/arm-2011.03-coocox/bin/../lib/gcc/arm-none-eabi/4.5.2/thumb2\libgcc.a(_arm_cmpdf2.o)
                              c:/coocox/arm-2011.03-coocox/bin/../lib/gcc/arm-none-eabi/4.5.2/../../../../arm-none-eabi/lib/thumb2\libc.a(lib_a-svfprintf.o) (__aeabi_dcmpeq)
c:/coocox/arm-2011.03-coocox/bin/../lib/gcc/arm-none-eabi/4.5.2/thumb2\libgcc.a(_arm_fixdfsi.o)
                              c:/coocox/arm-2011.03-coocox/bin/../lib/gcc/arm-none-eabi/4.5.2/../../../../arm-none-eabi/lib/thumb2\libc.a(lib_a-dtoa.o) (__aeabi_d2iz)
c:/coocox/arm-2011.03-coocox/bin/../lib/gcc/arm-none-eabi/4.5.2/thumb2\libgcc.a(_aeabi_uldivmod.o)
                              c:/coocox/arm-2011.03-coocox/bin/../lib/gcc/arm-none-eabi/4.5.2/../../../../arm-none-eabi/lib/thumb2\libc.a(lib_a-svfprintf.o) (__aeabi_uldivmod)
c:/coocox/arm-2011.03-coocox/bin/../lib/gcc/arm-none-eabi/4.5.2/thumb2\libgcc.a(bpabi.o)
                              c:/coocox/arm-2011.03-coocox/bin/../lib/gcc/arm-none-eabi/4.5.2/thumb2\libgcc.a(_aeabi_uldivmod.o) (__gnu_uldivmod_helper)
c:/coocox/arm-2011.03-coocox/bin/../lib/gcc/arm-none-eabi/4.5.2/thumb2\libgcc.a(_divdi3.o)
                              c:/coocox/arm-2011.03-coocox/bin/../lib/gcc/arm-none-eabi/4.5.2/thumb2\libgcc.a(bpabi.o) (__divdi3)
c:/coocox/arm-2011.03-coocox/bin/../lib/gcc/arm-none-eabi/4.5.2/thumb2\libgcc.a(_udivdi3.o)
                              c:/coocox/arm-2011.03-coocox/bin/../lib/gcc/arm-none-eabi/4.5.2/thumb2\libgcc.a(bpabi.o) (__udivdi3)

Allocating common symbols
Common symbol       size              file

errno               0x4               c:/coocox/arm-2011.03-coocox/bin/../lib/gcc/arm-none-eabi/4.5.2/../../../../arm-none-eabi/lib/thumb2\libc.a(lib_a-reent.o)
hd44780_StrBuff     0x28              ..\obj\hd44780.o

Discarded input sections

 .text          0x00000000        0x0 ..\obj\mcu_gpio.o
 .data          0x00000000        0x0 ..\obj\mcu_gpio.o
 .bss           0x00000000        0x0 ..\obj\mcu_gpio.o
 .text          0x00000000        0x0 ..\obj\delay.o
 .data          0x00000000        0x0 ..\obj\delay.o
 .text          0x00000000        0x0 ..\obj\stm32f10x_tim.o
 .data          0x00000000        0x0 ..\obj\stm32f10x_tim.o
 .bss           0x00000000        0x0 ..\obj\stm32f10x_tim.o
 .text.TIM_DeInit
                0x00000000      0x290 ..\obj\stm32f10x_tim.o
 .text.TIM_OC1Init
                0x00000000      0x12c ..\obj\stm32f10x_tim.o
 .text.TIM_OC2Init
                0x00000000      0x130 ..\obj\stm32f10x_tim.o
 .text.TIM_OC4Init
                0x00000000       0xe4 ..\obj\stm32f10x_tim.o
 .text.TIM_ICInit
                0x00000000       0xa8 ..\obj\stm32f10x_tim.o
 .text.TIM_PWMIConfig
                0x00000000       0xc4 ..\obj\stm32f10x_tim.o
 .text.TIM_BDTRConfig
                0x00000000       0x5c ..\obj\stm32f10x_tim.o
 .text.TIM_OCStructInit
                0x00000000       0x54 ..\obj\stm32f10x_tim.o
 .text.TIM_ICStructInit
                0x00000000       0x3c ..\obj\stm32f10x_tim.o
 .text.TIM_BDTRStructInit
                0x00000000       0x4c ..\obj\stm32f10x_tim.o
 .text.TIM_CtrlPWMOutputs
                0x00000000       0x50 ..\obj\stm32f10x_tim.o
 .text.TIM_DMAConfig
                0x00000000       0x2c ..\obj\stm32f10x_tim.o
 .text.TIM_DMACmd
                0x00000000       0x4c ..\obj\stm32f10x_tim.o
 .text.TIM_InternalClockConfig
                0x00000000       0x24 ..\obj\stm32f10x_tim.o
 .text.TIM_ITRxExternalClockConfig
                0x00000000       0x30 ..\obj\stm32f10x_tim.o
 .text.TIM_TIxExternalClockConfig
                0x00000000       0x58 ..\obj\stm32f10x_tim.o
 .text.TIM_ETRClockMode1Config
                0x00000000       0x54 ..\obj\stm32f10x_tim.o
 .text.TIM_ETRClockMode2Config
                0x00000000       0x34 ..\obj\stm32f10x_tim.o
 .text.TIM_ETRConfig
                0x00000000       0x54 ..\obj\stm32f10x_tim.o
 .text.TIM_PrescalerConfig
                0x00000000       0x28 ..\obj\stm32f10x_tim.o
 .text.TIM_CounterModeConfig
                0x00000000       0x3c ..\obj\stm32f10x_tim.o
 .text.TIM_SelectInputTrigger
                0x00000000       0x3c ..\obj\stm32f10x_tim.o
 .text.TIM_ForcedOC1Config
                0x00000000       0x3c ..\obj\stm32f10x_tim.o
 .text.TIM_ForcedOC2Config
                0x00000000       0x40 ..\obj\stm32f10x_tim.o
 .text.TIM_ForcedOC3Config
                0x00000000       0x3c ..\obj\stm32f10x_tim.o
 .text.TIM_ForcedOC4Config
                0x00000000       0x40 ..\obj\stm32f10x_tim.o
 .text.TIM_ARRPreloadConfig
                0x00000000       0x40 ..\obj\stm32f10x_tim.o
 .text.TIM_SelectCOM
                0x00000000       0x40 ..\obj\stm32f10x_tim.o
 .text.TIM_SelectCCDMA
                0x00000000       0x40 ..\obj\stm32f10x_tim.o
 .text.TIM_CCPreloadControl
                0x00000000       0x40 ..\obj\stm32f10x_tim.o
 .text.TIM_OC1PreloadConfig
                0x00000000       0x3c ..\obj\stm32f10x_tim.o
 .text.TIM_OC2PreloadConfig
                0x00000000       0x40 ..\obj\stm32f10x_tim.o
 .text.TIM_OC3PreloadConfig
                0x00000000       0x3c ..\obj\stm32f10x_tim.o
 .text.TIM_OC4PreloadConfig
                0x00000000       0x40 ..\obj\stm32f10x_tim.o
 .text.TIM_OC1FastConfig
                0x00000000       0x3c ..\obj\stm32f10x_tim.o
 .text.TIM_OC2FastConfig
                0x00000000       0x40 ..\obj\stm32f10x_tim.o
 .text.TIM_OC3FastConfig
                0x00000000       0x3c ..\obj\stm32f10x_tim.o
 .text.TIM_OC4FastConfig
                0x00000000       0x40 ..\obj\stm32f10x_tim.o
 .text.TIM_ClearOC1Ref
                0x00000000       0x3c ..\obj\stm32f10x_tim.o
 .text.TIM_ClearOC2Ref
                0x00000000       0x44 ..\obj\stm32f10x_tim.o
 .text.TIM_ClearOC3Ref
                0x00000000       0x3c ..\obj\stm32f10x_tim.o
 .text.TIM_ClearOC4Ref
                0x00000000       0x44 ..\obj\stm32f10x_tim.o
 .text.TIM_OC1PolarityConfig
                0x00000000       0x3c ..\obj\stm32f10x_tim.o
 .text.TIM_OC1NPolarityConfig
                0x00000000       0x3c ..\obj\stm32f10x_tim.o
 .text.TIM_OC2PolarityConfig
                0x00000000       0x40 ..\obj\stm32f10x_tim.o
 .text.TIM_OC2NPolarityConfig
                0x00000000       0x40 ..\obj\stm32f10x_tim.o
 .text.TIM_OC3PolarityConfig
                0x00000000       0x40 ..\obj\stm32f10x_tim.o
 .text.TIM_OC3NPolarityConfig
                0x00000000       0x40 ..\obj\stm32f10x_tim.o
 .text.TIM_OC4PolarityConfig
                0x00000000       0x40 ..\obj\stm32f10x_tim.o
 .text.TIM_CCxCmd
                0x00000000       0x60 ..\obj\stm32f10x_tim.o
 .text.TIM_CCxNCmd
                0x00000000       0x60 ..\obj\stm32f10x_tim.o
 .text.TIM_SelectOCxM
                0x00000000       0xc0 ..\obj\stm32f10x_tim.o
 .text.TIM_UpdateDisableConfig
                0x00000000       0x40 ..\obj\stm32f10x_tim.o
 .text.TIM_UpdateRequestConfig
                0x00000000       0x40 ..\obj\stm32f10x_tim.o
 .text.TIM_SelectHallSensor
                0x00000000       0x40 ..\obj\stm32f10x_tim.o
 .text.TIM_SelectOutputTrigger
                0x00000000       0x38 ..\obj\stm32f10x_tim.o
 .text.TIM_SelectSlaveMode
                0x00000000       0x38 ..\obj\stm32f10x_tim.o
 .text.TIM_SelectMasterSlaveMode
                0x00000000       0x38 ..\obj\stm32f10x_tim.o
 .text.TIM_SetCounter
                0x00000000       0x1c ..\obj\stm32f10x_tim.o
 .text.TIM_SetAutoreload
                0x00000000       0x1c ..\obj\stm32f10x_tim.o
 .text.TIM_SetCompare1
                0x00000000       0x1c ..\obj\stm32f10x_tim.o
 .text.TIM_SetCompare2
                0x00000000       0x1c ..\obj\stm32f10x_tim.o
 .text.TIM_SetCompare3
                0x00000000       0x1c ..\obj\stm32f10x_tim.o
 .text.TIM_SetCompare4
                0x00000000       0x20 ..\obj\stm32f10x_tim.o
 .text.TIM_SetIC1Prescaler
                0x00000000       0x38 ..\obj\stm32f10x_tim.o
 .text.TIM_SetIC2Prescaler
                0x00000000       0x40 ..\obj\stm32f10x_tim.o
 .text.TIM_SetIC3Prescaler
                0x00000000       0x38 ..\obj\stm32f10x_tim.o
 .text.TIM_SetIC4Prescaler
                0x00000000       0x40 ..\obj\stm32f10x_tim.o
 .text.TIM_SetClockDivision
                0x00000000       0x38 ..\obj\stm32f10x_tim.o
 .text.TIM_GetCapture1
                0x00000000       0x1c ..\obj\stm32f10x_tim.o
 .text.TIM_GetCapture2
                0x00000000       0x1c ..\obj\stm32f10x_tim.o
 .text.TIM_GetCapture3
                0x00000000       0x1c ..\obj\stm32f10x_tim.o
 .text.TIM_GetCapture4
                0x00000000       0x1c ..\obj\stm32f10x_tim.o
 .text.TIM_GetCounter
                0x00000000       0x1c ..\obj\stm32f10x_tim.o
 .text.TIM_GetPrescaler
                0x00000000       0x1c ..\obj\stm32f10x_tim.o
 .text.TIM_GetFlagStatus
                0x00000000       0x40 ..\obj\stm32f10x_tim.o
 .text.TIM_GetITStatus
                0x00000000       0x64 ..\obj\stm32f10x_tim.o
 .text.TIM_ClearITPendingBit
                0x00000000       0x24 ..\obj\stm32f10x_tim.o
 .text.TI1_Config
                0x00000000       0xe4 ..\obj\stm32f10x_tim.o
 .text.TI2_Config
                0x00000000      0x100 ..\obj\stm32f10x_tim.o
 .text.TI3_Config
                0x00000000       0xf0 ..\obj\stm32f10x_tim.o
 .text.TI4_Config
                0x00000000      0x108 ..\obj\stm32f10x_tim.o
 .text          0x00000000        0x0 ..\obj\mcu_tim.o
 .data          0x00000000        0x0 ..\obj\mcu_tim.o
 .bss           0x00000000        0x0 ..\obj\mcu_tim.o
 .text.TIM6_DAC_IRQHandler
                0x00000000       0x1c ..\obj\mcu_tim.o
 .text.get_TIM_state
                0x00000000       0x24 ..\obj\mcu_tim.o
 .text          0x00000000        0x0 ..\obj\i2cm.o
 .data          0x00000000        0x0 ..\obj\i2cm.o
 .bss           0x00000000        0x0 ..\obj\i2cm.o
 .text          0x00000000        0x0 ..\obj\system_stm32f10x.o
 .bss           0x00000000        0x0 ..\obj\system_stm32f10x.o
 .text.SystemCoreClockUpdate
                0x00000000       0xe4 ..\obj\system_stm32f10x.o
 .text          0x00000000        0x0 ..\obj\startup_stm32f10x_md.o
 .data          0x00000000        0x0 ..\obj\startup_stm32f10x_md.o
 .bss           0x00000000        0x0 ..\obj\startup_stm32f10x_md.o
 .text          0x00000000        0x0 ..\obj\stm32f10x_gpio.o
 .data          0x00000000        0x0 ..\obj\stm32f10x_gpio.o
 .bss           0x00000000        0x0 ..\obj\stm32f10x_gpio.o
 .text.GPIO_DeInit
                0x00000000      0x118 ..\obj\stm32f10x_gpio.o
 .text.GPIO_AFIODeInit
                0x00000000       0x20 ..\obj\stm32f10x_gpio.o
 .text.GPIO_StructInit
                0x00000000       0x2c ..\obj\stm32f10x_gpio.o
 .text.GPIO_ReadInputDataBit
                0x00000000       0x3c ..\obj\stm32f10x_gpio.o
 .text.GPIO_ReadInputData
                0x00000000       0x1c ..\obj\stm32f10x_gpio.o
 .text.GPIO_ReadOutputDataBit
                0x00000000       0x3c ..\obj\stm32f10x_gpio.o
 .text.GPIO_ReadOutputData
                0x00000000       0x1c ..\obj\stm32f10x_gpio.o
 .text.GPIO_SetBits
                0x00000000       0x1c ..\obj\stm32f10x_gpio.o
 .text.GPIO_ResetBits
                0x00000000       0x1c ..\obj\stm32f10x_gpio.o
 .text.GPIO_WriteBit
                0x00000000       0x30 ..\obj\stm32f10x_gpio.o
 .text.GPIO_Write
                0x00000000       0x1c ..\obj\stm32f10x_gpio.o
 .text.GPIO_PinLockConfig
                0x00000000       0x44 ..\obj\stm32f10x_gpio.o
 .text.GPIO_EventOutputConfig
                0x00000000       0x54 ..\obj\stm32f10x_gpio.o
 .text.GPIO_EventOutputCmd
                0x00000000       0x20 ..\obj\stm32f10x_gpio.o
 .text.GPIO_PinRemapConfig
                0x00000000      0x104 ..\obj\stm32f10x_gpio.o
 .text.GPIO_EXTILineConfig
                0x00000000       0x9c ..\obj\stm32f10x_gpio.o
 .text.GPIO_ETH_MediaInterfaceConfig
                0x00000000       0x1c ..\obj\stm32f10x_gpio.o
 .text          0x00000000        0x0 ..\obj\main.o
 .data          0x00000000        0x0 ..\obj\main.o
 .text          0x00000000        0x0 ..\obj\stm32f10x_rcc.o
 .bss           0x00000000        0x0 ..\obj\stm32f10x_rcc.o
 .text.RCC_DeInit
                0x00000000       0x64 ..\obj\stm32f10x_rcc.o
 .text.RCC_HSEConfig
                0x00000000       0x5c ..\obj\stm32f10x_rcc.o
 .text.RCC_WaitForHSEStartUp
                0x00000000       0x64 ..\obj\stm32f10x_rcc.o
 .text.RCC_AdjustHSICalibrationValue
                0x00000000       0x40 ..\obj\stm32f10x_rcc.o
 .text.RCC_HSICmd
                0x00000000       0x20 ..\obj\stm32f10x_rcc.o
 .text.RCC_PLLConfig
                0x00000000       0x44 ..\obj\stm32f10x_rcc.o
 .text.RCC_PLLCmd
                0x00000000       0x20 ..\obj\stm32f10x_rcc.o
 .text.RCC_PREDIV1Config
                0x00000000       0x48 ..\obj\stm32f10x_rcc.o
 .text.RCC_SYSCLKConfig
                0x00000000       0x3c ..\obj\stm32f10x_rcc.o
 .text.RCC_GetSYSCLKSource
                0x00000000       0x1c ..\obj\stm32f10x_rcc.o
 .text.RCC_HCLKConfig
                0x00000000       0x3c ..\obj\stm32f10x_rcc.o
 .text.RCC_PCLK1Config
                0x00000000       0x3c ..\obj\stm32f10x_rcc.o
 .text.RCC_PCLK2Config
                0x00000000       0x40 ..\obj\stm32f10x_rcc.o
 .text.RCC_ITConfig
                0x00000000       0x50 ..\obj\stm32f10x_rcc.o
 .text.RCC_USBCLKConfig
                0x00000000       0x1c ..\obj\stm32f10x_rcc.o
 .text.RCC_ADCCLKConfig
                0x00000000       0x3c ..\obj\stm32f10x_rcc.o
 .text.RCC_LSEConfig
                0x00000000       0x48 ..\obj\stm32f10x_rcc.o
 .text.RCC_LSICmd
                0x00000000       0x20 ..\obj\stm32f10x_rcc.o
 .text.RCC_RTCCLKConfig
                0x00000000       0x24 ..\obj\stm32f10x_rcc.o
 .text.RCC_RTCCLKCmd
                0x00000000       0x20 ..\obj\stm32f10x_rcc.o
 .text.RCC_AHBPeriphClockCmd
                0x00000000       0x44 ..\obj\stm32f10x_rcc.o
 .text.RCC_APB2PeriphResetCmd
                0x00000000       0x44 ..\obj\stm32f10x_rcc.o
 .text.RCC_BackupResetCmd
                0x00000000       0x20 ..\obj\stm32f10x_rcc.o
 .text.RCC_ClockSecuritySystemCmd
                0x00000000       0x20 ..\obj\stm32f10x_rcc.o
 .text.RCC_MCOConfig
                0x00000000       0x20 ..\obj\stm32f10x_rcc.o
 .text.RCC_GetFlagStatus
                0x00000000       0x84 ..\obj\stm32f10x_rcc.o
 .text.RCC_ClearFlag
                0x00000000       0x1c ..\obj\stm32f10x_rcc.o
 .text.RCC_GetITStatus
                0x00000000       0x40 ..\obj\stm32f10x_rcc.o
 .text.RCC_ClearITPendingBit
                0x00000000       0x20 ..\obj\stm32f10x_rcc.o
 .text          0x00000000        0x0 ..\obj\hd44780.o
 .data          0x00000000        0x0 ..\obj\hd44780.o
 .text.hd44780_write_buff
                0x00000000       0x40 ..\obj\hd44780.o
 .text          0x00000000        0x0 ..\obj\cp866toepson.o
 .data          0x00000000        0x0 ..\obj\cp866toepson.o
 .bss           0x00000000        0x0 ..\obj\cp866toepson.o
 .text          0x00000000        0x0 ..\obj\stm32f10x_adc.o
 .data          0x00000000        0x0 ..\obj\stm32f10x_adc.o
 .bss           0x00000000        0x0 ..\obj\stm32f10x_adc.o
 .text.ADC_DeInit
                0x00000000       0x80 ..\obj\stm32f10x_adc.o
 .text.ADC_Init
                0x00000000       0xbc ..\obj\stm32f10x_adc.o
 .text.ADC_StructInit
                0x00000000       0x44 ..\obj\stm32f10x_adc.o
 .text.ADC_Cmd  0x00000000       0x38 ..\obj\stm32f10x_adc.o
 .text.ADC_DMACmd
                0x00000000       0x38 ..\obj\stm32f10x_adc.o
 .text.ADC_ITConfig
                0x00000000       0x48 ..\obj\stm32f10x_adc.o
 .text.ADC_ResetCalibration
                0x00000000       0x20 ..\obj\stm32f10x_adc.o
 .text.ADC_GetResetCalibrationStatus
                0x00000000       0x38 ..\obj\stm32f10x_adc.o
 .text.ADC_StartCalibration
                0x00000000       0x20 ..\obj\stm32f10x_adc.o
 .text.ADC_GetCalibrationStatus
                0x00000000       0x38 ..\obj\stm32f10x_adc.o
 .text.ADC_SoftwareStartConvCmd
                0x00000000       0x38 ..\obj\stm32f10x_adc.o
 .text.ADC_GetSoftwareStartConvStatus
                0x00000000       0x38 ..\obj\stm32f10x_adc.o
 .text.ADC_DiscModeChannelCountConfig
                0x00000000       0x4c ..\obj\stm32f10x_adc.o
 .text.ADC_DiscModeCmd
                0x00000000       0x38 ..\obj\stm32f10x_adc.o
 .text.ADC_RegularChannelConfig
                0x00000000      0x1d0 ..\obj\stm32f10x_adc.o
 .text.ADC_ExternalTrigConvCmd
                0x00000000       0x38 ..\obj\stm32f10x_adc.o
 .text.ADC_GetConversionValue
                0x00000000       0x1c ..\obj\stm32f10x_adc.o
 .text.ADC_GetDualModeConversionValue
                0x00000000       0x14 ..\obj\stm32f10x_adc.o
 .text.ADC_AutoInjectedConvCmd
                0x00000000       0x38 ..\obj\stm32f10x_adc.o
 .text.ADC_InjectedDiscModeCmd
                0x00000000       0x38 ..\obj\stm32f10x_adc.o
 .text.ADC_ExternalTrigInjectedConvConfig
                0x00000000       0x38 ..\obj\stm32f10x_adc.o
 .text.ADC_ExternalTrigInjectedConvCmd
                0x00000000       0x38 ..\obj\stm32f10x_adc.o
 .text.ADC_SoftwareStartInjectedConvCmd
                0x00000000       0x38 ..\obj\stm32f10x_adc.o
 .text.ADC_GetSoftwareStartInjectedConvCmdStatus
                0x00000000       0x38 ..\obj\stm32f10x_adc.o
 .text.ADC_InjectedChannelConfig
                0x00000000      0x150 ..\obj\stm32f10x_adc.o
 .text.ADC_InjectedSequencerLengthConfig
                0x00000000       0x4c ..\obj\stm32f10x_adc.o
 .text.ADC_SetInjectedOffset
                0x00000000       0x34 ..\obj\stm32f10x_adc.o
 .text.ADC_GetInjectedConversionValue
                0x00000000       0x34 ..\obj\stm32f10x_adc.o
 .text.ADC_AnalogWatchdogCmd
                0x00000000       0x3c ..\obj\stm32f10x_adc.o
 .text.ADC_AnalogWatchdogThresholdsConfig
                0x00000000       0x28 ..\obj\stm32f10x_adc.o
 .text.ADC_AnalogWatchdogSingleChannelConfig
                0x00000000       0x3c ..\obj\stm32f10x_adc.o
 .text.ADC_TempSensorVrefintCmd
                0x00000000       0x38 ..\obj\stm32f10x_adc.o
 .text.ADC_GetFlagStatus
                0x00000000       0x3c ..\obj\stm32f10x_adc.o
 .text.ADC_ClearFlag
                0x00000000       0x20 ..\obj\stm32f10x_adc.o
 .text.ADC_GetITStatus
                0x00000000       0x68 ..\obj\stm32f10x_adc.o
 .text.ADC_ClearITPendingBit
                0x00000000       0x30 ..\obj\stm32f10x_adc.o
 .text          0x00000000        0x0 ..\obj\mcu_adc.o
 .data          0x00000000        0x0 ..\obj\mcu_adc.o
 .rodata        0x00000000        0x1 ..\obj\mcu_adc.o
 .text.init_adc
                0x00000000      0x144 ..\obj\mcu_adc.o
 .text          0x00000000        0x0 ..\obj\syscalls.o
 .data          0x00000000        0x0 ..\obj\syscalls.o
 .text.link     0x00000000       0x1c ..\obj\syscalls.o
 .text._close   0x00000000       0x18 ..\obj\syscalls.o
 .text._fstat   0x00000000       0x24 ..\obj\syscalls.o
 .text._isatty  0x00000000       0x18 ..\obj\syscalls.o
 .text._lseek   0x00000000       0x1c ..\obj\syscalls.o
 .text._read    0x00000000       0x1c ..\obj\syscalls.o
 .text._write   0x00000000       0x1c ..\obj\syscalls.o
 .text.abort    0x00000000        0x8 ..\obj\syscalls.o
 .text          0x00000000        0x0 ..\obj\stm32f10x_dma.o
 .data          0x00000000        0x0 ..\obj\stm32f10x_dma.o
 .bss           0x00000000        0x0 ..\obj\stm32f10x_dma.o
 .text.DMA_DeInit
                0x00000000      0x180 ..\obj\stm32f10x_dma.o
 .text.DMA_Init
                0x00000000       0x84 ..\obj\stm32f10x_dma.o
 .text.DMA_StructInit
                0x00000000       0x6c ..\obj\stm32f10x_dma.o
 .text.DMA_Cmd  0x00000000       0x3c ..\obj\stm32f10x_dma.o
 .text.DMA_ITConfig
                0x00000000       0x3c ..\obj\stm32f10x_dma.o
 .text.DMA_SetCurrDataCounter
                0x00000000       0x1c ..\obj\stm32f10x_dma.o
 .text.DMA_GetCurrDataCounter
                0x00000000       0x1c ..\obj\stm32f10x_dma.o
 .text.DMA_GetFlagStatus
                0x00000000       0x5c ..\obj\stm32f10x_dma.o
 .text.DMA_ClearFlag
                0x00000000       0x34 ..\obj\stm32f10x_dma.o
 .text.DMA_GetITStatus
                0x00000000       0x5c ..\obj\stm32f10x_dma.o
 .text.DMA_ClearITPendingBit
                0x00000000       0x34 ..\obj\stm32f10x_dma.o
 .text          0x00000000        0x0 ..\obj\cp1251toepson.o
 .data          0x00000000        0x0 ..\obj\cp1251toepson.o
 .bss           0x00000000        0x0 ..\obj\cp1251toepson.o
 .text          0x00000000        0x0 ..\obj\stm32f10x_i2c.o
 .data          0x00000000        0x0 ..\obj\stm32f10x_i2c.o
 .bss           0x00000000        0x0 ..\obj\stm32f10x_i2c.o
 .text.I2C_StructInit
                0x00000000       0x44 ..\obj\stm32f10x_i2c.o
 .text.I2C_DMACmd
                0x00000000       0x40 ..\obj\stm32f10x_i2c.o
 .text.I2C_DMALastTransferCmd
                0x00000000       0x40 ..\obj\stm32f10x_i2c.o
 .text.I2C_OwnAddress2Config
                0x00000000       0x44 ..\obj\stm32f10x_i2c.o
 .text.I2C_DualAddressCmd
                0x00000000       0x40 ..\obj\stm32f10x_i2c.o
 .text.I2C_GeneralCallCmd
                0x00000000       0x40 ..\obj\stm32f10x_i2c.o
 .text.I2C_ITConfig
                0x00000000       0x4c ..\obj\stm32f10x_i2c.o
 .text.I2C_ReadRegister
                0x00000000       0x30 ..\obj\stm32f10x_i2c.o
 .text.I2C_SoftwareResetCmd
                0x00000000       0x48 ..\obj\stm32f10x_i2c.o
 .text.I2C_SMBusAlertConfig
                0x00000000       0x40 ..\obj\stm32f10x_i2c.o
 .text.I2C_TransmitPEC
                0x00000000       0x40 ..\obj\stm32f10x_i2c.o
 .text.I2C_PECPositionConfig
                0x00000000       0x40 ..\obj\stm32f10x_i2c.o
 .text.I2C_CalculatePEC
                0x00000000       0x40 ..\obj\stm32f10x_i2c.o
 .text.I2C_GetPEC
                0x00000000       0x24 ..\obj\stm32f10x_i2c.o
 .text.I2C_ARPCmd
                0x00000000       0x40 ..\obj\stm32f10x_i2c.o
 .text.I2C_StretchClockCmd
                0x00000000       0x40 ..\obj\stm32f10x_i2c.o
 .text.I2C_FastModeDutyCycleConfig
                0x00000000       0x40 ..\obj\stm32f10x_i2c.o
 .text.I2C_GetLastEvent
                0x00000000       0x50 ..\obj\stm32f10x_i2c.o
 .text.I2C_ClearFlag
                0x00000000       0x30 ..\obj\stm32f10x_i2c.o
 .text.I2C_GetITStatus
                0x00000000       0x68 ..\obj\stm32f10x_i2c.o
 .text.I2C_ClearITPendingBit
                0x00000000       0x30 ..\obj\stm32f10x_i2c.o
 .text          0x00000000        0x0 ..\obj\pcf8574.o
 .data          0x00000000        0x0 ..\obj\pcf8574.o
 .bss           0x00000000        0x0 ..\obj\pcf8574.o
 .text.pcf8574_read_ex
                0x00000000       0x70 ..\obj\pcf8574.o
 .data          0x00000000        0x0 c:/coocox/arm-2011.03-coocox/bin/../lib/gcc/arm-none-eabi/4.5.2/../../../../arm-none-eabi/lib/thumb2\libc.a(lib_a-vsnprintf.o)
 .bss           0x00000000        0x0 c:/coocox/arm-2011.03-coocox/bin/../lib/gcc/arm-none-eabi/4.5.2/../../../../arm-none-eabi/lib/thumb2\libc.a(lib_a-vsnprintf.o)
 .text          0x00000000        0x0 c:/coocox/arm-2011.03-coocox/bin/../lib/gcc/arm-none-eabi/4.5.2/../../../../arm-none-eabi/lib/thumb2\libc.a(lib_a-impure.o)
 .bss           0x00000000        0x0 c:/coocox/arm-2011.03-coocox/bin/../lib/gcc/arm-none-eabi/4.5.2/../../../../arm-none-eabi/lib/thumb2\libc.a(lib_a-impure.o)
 .rodata        0x00000000        0x4 c:/coocox/arm-2011.03-coocox/bin/../lib/gcc/arm-none-eabi/4.5.2/../../../../arm-none-eabi/lib/thumb2\libc.a(lib_a-impure.o)
 .data          0x00000000        0x0 c:/coocox/arm-2011.03-coocox/bin/../lib/gcc/arm-none-eabi/4.5.2/../../../../arm-none-eabi/lib/thumb2\libc.a(lib_a-svfprintf.o)
 .bss           0x00000000        0x0 c:/coocox/arm-2011.03-coocox/bin/../lib/gcc/arm-none-eabi/4.5.2/../../../../arm-none-eabi/lib/thumb2\libc.a(lib_a-svfprintf.o)
 .data          0x00000000        0x0 c:/coocox/arm-2011.03-coocox/bin/../lib/gcc/arm-none-eabi/4.5.2/../../../../arm-none-eabi/lib/thumb2\libc.a(lib_a-dtoa.o)
 .bss           0x00000000        0x0 c:/coocox/arm-2011.03-coocox/bin/../lib/gcc/arm-none-eabi/4.5.2/../../../../arm-none-eabi/lib/thumb2\libc.a(lib_a-dtoa.o)
 .bss           0x00000000        0xc c:/coocox/arm-2011.03-coocox/bin/../lib/gcc/arm-none-eabi/4.5.2/../../../../arm-none-eabi/lib/thumb2\libc.a(lib_a-locale.o)
 .data          0x00000000        0x0 c:/coocox/arm-2011.03-coocox/bin/../lib/gcc/arm-none-eabi/4.5.2/../../../../arm-none-eabi/lib/thumb2\libc.a(lib_a-malloc.o)
 .bss           0x00000000        0x0 c:/coocox/arm-2011.03-coocox/bin/../lib/gcc/arm-none-eabi/4.5.2/../../../../arm-none-eabi/lib/thumb2\libc.a(lib_a-malloc.o)
 .data          0x00000000        0x0 c:/coocox/arm-2011.03-coocox/bin/../lib/gcc/arm-none-eabi/4.5.2/../../../../arm-none-eabi/lib/thumb2\libc.a(lib_a-memchr.o)
 .bss           0x00000000        0x0 c:/coocox/arm-2011.03-coocox/bin/../lib/gcc/arm-none-eabi/4.5.2/../../../../arm-none-eabi/lib/thumb2\libc.a(lib_a-memchr.o)
 .data          0x00000000        0x0 c:/coocox/arm-2011.03-coocox/bin/../lib/gcc/arm-none-eabi/4.5.2/../../../../arm-none-eabi/lib/thumb2\libc.a(lib_a-memcpy.o)
 .bss           0x00000000        0x0 c:/coocox/arm-2011.03-coocox/bin/../lib/gcc/arm-none-eabi/4.5.2/../../../../arm-none-eabi/lib/thumb2\libc.a(lib_a-memcpy.o)
 .data          0x00000000        0x0 c:/coocox/arm-2011.03-coocox/bin/../lib/gcc/arm-none-eabi/4.5.2/../../../../arm-none-eabi/lib/thumb2\libc.a(lib_a-mlock.o)
 .bss           0x00000000        0x0 c:/coocox/arm-2011.03-coocox/bin/../lib/gcc/arm-none-eabi/4.5.2/../../../../arm-none-eabi/lib/thumb2\libc.a(lib_a-mlock.o)
 .data          0x00000000        0x0 c:/coocox/arm-2011.03-coocox/bin/../lib/gcc/arm-none-eabi/4.5.2/../../../../arm-none-eabi/lib/thumb2\libc.a(lib_a-mprec.o)
 .bss           0x00000000        0x0 c:/coocox/arm-2011.03-coocox/bin/../lib/gcc/arm-none-eabi/4.5.2/../../../../arm-none-eabi/lib/thumb2\libc.a(lib_a-mprec.o)
 .data          0x00000000        0x0 c:/coocox/arm-2011.03-coocox/bin/../lib/gcc/arm-none-eabi/4.5.2/../../../../arm-none-eabi/lib/thumb2\libc.a(lib_a-s_fpclassify.o)
 .bss           0x00000000        0x0 c:/coocox/arm-2011.03-coocox/bin/../lib/gcc/arm-none-eabi/4.5.2/../../../../arm-none-eabi/lib/thumb2\libc.a(lib_a-s_fpclassify.o)
 .data          0x00000000        0x0 c:/coocox/arm-2011.03-coocox/bin/../lib/gcc/arm-none-eabi/4.5.2/../../../../arm-none-eabi/lib/thumb2\libc.a(lib_a-sbrkr.o)
 .bss           0x00000000        0x0 c:/coocox/arm-2011.03-coocox/bin/../lib/gcc/arm-none-eabi/4.5.2/../../../../arm-none-eabi/lib/thumb2\libc.a(lib_a-sbrkr.o)
 .data          0x00000000        0x0 c:/coocox/arm-2011.03-coocox/bin/../lib/gcc/arm-none-eabi/4.5.2/../../../../arm-none-eabi/lib/thumb2\libc.a(lib_a-strcmp.o)
 .bss           0x00000000        0x0 c:/coocox/arm-2011.03-coocox/bin/../lib/gcc/arm-none-eabi/4.5.2/../../../../arm-none-eabi/lib/thumb2\libc.a(lib_a-strcmp.o)
 .data          0x00000000        0x0 c:/coocox/arm-2011.03-coocox/bin/../lib/gcc/arm-none-eabi/4.5.2/../../../../arm-none-eabi/lib/thumb2\libc.a(lib_a-strlen.o)
 .bss           0x00000000        0x0 c:/coocox/arm-2011.03-coocox/bin/../lib/gcc/arm-none-eabi/4.5.2/../../../../arm-none-eabi/lib/thumb2\libc.a(lib_a-strlen.o)
 .data          0x00000000        0x0 c:/coocox/arm-2011.03-coocox/bin/../lib/gcc/arm-none-eabi/4.5.2/../../../../arm-none-eabi/lib/thumb2\libc.a(lib_a-svfiprintf.o)
 .bss           0x00000000        0x0 c:/coocox/arm-2011.03-coocox/bin/../lib/gcc/arm-none-eabi/4.5.2/../../../../arm-none-eabi/lib/thumb2\libc.a(lib_a-svfiprintf.o)
 .data          0x00000000        0x0 c:/coocox/arm-2011.03-coocox/bin/../lib/gcc/arm-none-eabi/4.5.2/../../../../arm-none-eabi/lib/thumb2\libc.a(lib_a-callocr.o)
 .bss           0x00000000        0x0 c:/coocox/arm-2011.03-coocox/bin/../lib/gcc/arm-none-eabi/4.5.2/../../../../arm-none-eabi/lib/thumb2\libc.a(lib_a-callocr.o)
 .data          0x00000000        0x0 c:/coocox/arm-2011.03-coocox/bin/../lib/gcc/arm-none-eabi/4.5.2/../../../../arm-none-eabi/lib/thumb2\libc.a(lib_a-freer.o)
 .bss           0x00000000        0x0 c:/coocox/arm-2011.03-coocox/bin/../lib/gcc/arm-none-eabi/4.5.2/../../../../arm-none-eabi/lib/thumb2\libc.a(lib_a-freer.o)
 .data          0x00000000        0x0 c:/coocox/arm-2011.03-coocox/bin/../lib/gcc/arm-none-eabi/4.5.2/../../../../arm-none-eabi/lib/thumb2\libc.a(lib_a-memmove.o)
 .bss           0x00000000        0x0 c:/coocox/arm-2011.03-coocox/bin/../lib/gcc/arm-none-eabi/4.5.2/../../../../arm-none-eabi/lib/thumb2\libc.a(lib_a-memmove.o)
 .data          0x00000000        0x0 c:/coocox/arm-2011.03-coocox/bin/../lib/gcc/arm-none-eabi/4.5.2/../../../../arm-none-eabi/lib/thumb2\libc.a(lib_a-memset.o)
 .bss           0x00000000        0x0 c:/coocox/arm-2011.03-coocox/bin/../lib/gcc/arm-none-eabi/4.5.2/../../../../arm-none-eabi/lib/thumb2\libc.a(lib_a-memset.o)
 .data          0x00000000        0x0 c:/coocox/arm-2011.03-coocox/bin/../lib/gcc/arm-none-eabi/4.5.2/../../../../arm-none-eabi/lib/thumb2\libc.a(lib_a-reallocr.o)
 .bss           0x00000000        0x0 c:/coocox/arm-2011.03-coocox/bin/../lib/gcc/arm-none-eabi/4.5.2/../../../../arm-none-eabi/lib/thumb2\libc.a(lib_a-reallocr.o)
 .text          0x00000000      0x118 c:/coocox/arm-2011.03-coocox/bin/../lib/gcc/arm-none-eabi/4.5.2/../../../../arm-none-eabi/lib/thumb2\libc.a(lib_a-reent.o)
 .data          0x00000000        0x0 c:/coocox/arm-2011.03-coocox/bin/../lib/gcc/arm-none-eabi/4.5.2/../../../../arm-none-eabi/lib/thumb2\libc.a(lib_a-reent.o)
 .bss           0x00000000        0x0 c:/coocox/arm-2011.03-coocox/bin/../lib/gcc/arm-none-eabi/4.5.2/../../../../arm-none-eabi/lib/thumb2\libc.a(lib_a-reent.o)
 .data          0x00000000        0x0 c:/coocox/arm-2011.03-coocox/bin/../lib/gcc/arm-none-eabi/4.5.2/thumb2\libgcc.a(_udivsi3.o)
 .bss           0x00000000        0x0 c:/coocox/arm-2011.03-coocox/bin/../lib/gcc/arm-none-eabi/4.5.2/thumb2\libgcc.a(_udivsi3.o)
 .data          0x00000000        0x0 c:/coocox/arm-2011.03-coocox/bin/../lib/gcc/arm-none-eabi/4.5.2/thumb2\libgcc.a(_dvmd_tls.o)
 .bss           0x00000000        0x0 c:/coocox/arm-2011.03-coocox/bin/../lib/gcc/arm-none-eabi/4.5.2/thumb2\libgcc.a(_dvmd_tls.o)
 .data          0x00000000        0x0 c:/coocox/arm-2011.03-coocox/bin/../lib/gcc/arm-none-eabi/4.5.2/thumb2\libgcc.a(_arm_addsubdf3.o)
 .bss           0x00000000        0x0 c:/coocox/arm-2011.03-coocox/bin/../lib/gcc/arm-none-eabi/4.5.2/thumb2\libgcc.a(_arm_addsubdf3.o)
 .data          0x00000000        0x0 c:/coocox/arm-2011.03-coocox/bin/../lib/gcc/arm-none-eabi/4.5.2/thumb2\libgcc.a(_arm_muldivdf3.o)
 .bss           0x00000000        0x0 c:/coocox/arm-2011.03-coocox/bin/../lib/gcc/arm-none-eabi/4.5.2/thumb2\libgcc.a(_arm_muldivdf3.o)
 .data          0x00000000        0x0 c:/coocox/arm-2011.03-coocox/bin/../lib/gcc/arm-none-eabi/4.5.2/thumb2\libgcc.a(_arm_cmpdf2.o)
 .bss           0x00000000        0x0 c:/coocox/arm-2011.03-coocox/bin/../lib/gcc/arm-none-eabi/4.5.2/thumb2\libgcc.a(_arm_cmpdf2.o)
 .data          0x00000000        0x0 c:/coocox/arm-2011.03-coocox/bin/../lib/gcc/arm-none-eabi/4.5.2/thumb2\libgcc.a(_arm_fixdfsi.o)
 .bss           0x00000000        0x0 c:/coocox/arm-2011.03-coocox/bin/../lib/gcc/arm-none-eabi/4.5.2/thumb2\libgcc.a(_arm_fixdfsi.o)
 .data          0x00000000        0x0 c:/coocox/arm-2011.03-coocox/bin/../lib/gcc/arm-none-eabi/4.5.2/thumb2\libgcc.a(_aeabi_uldivmod.o)
 .bss           0x00000000        0x0 c:/coocox/arm-2011.03-coocox/bin/../lib/gcc/arm-none-eabi/4.5.2/thumb2\libgcc.a(_aeabi_uldivmod.o)
 .data          0x00000000        0x0 c:/coocox/arm-2011.03-coocox/bin/../lib/gcc/arm-none-eabi/4.5.2/thumb2\libgcc.a(bpabi.o)
 .bss           0x00000000        0x0 c:/coocox/arm-2011.03-coocox/bin/../lib/gcc/arm-none-eabi/4.5.2/thumb2\libgcc.a(bpabi.o)
 .data          0x00000000        0x0 c:/coocox/arm-2011.03-coocox/bin/../lib/gcc/arm-none-eabi/4.5.2/thumb2\libgcc.a(_divdi3.o)
 .bss           0x00000000        0x0 c:/coocox/arm-2011.03-coocox/bin/../lib/gcc/arm-none-eabi/4.5.2/thumb2\libgcc.a(_divdi3.o)
 .ARM.extab     0x00000000        0x0 c:/coocox/arm-2011.03-coocox/bin/../lib/gcc/arm-none-eabi/4.5.2/thumb2\libgcc.a(_divdi3.o)
 .data          0x00000000        0x0 c:/coocox/arm-2011.03-coocox/bin/../lib/gcc/arm-none-eabi/4.5.2/thumb2\libgcc.a(_udivdi3.o)
 .bss           0x00000000        0x0 c:/coocox/arm-2011.03-coocox/bin/../lib/gcc/arm-none-eabi/4.5.2/thumb2\libgcc.a(_udivdi3.o)
 .ARM.extab     0x00000000        0x0 c:/coocox/arm-2011.03-coocox/bin/../lib/gcc/arm-none-eabi/4.5.2/thumb2\libgcc.a(_udivdi3.o)

Memory Configuration

Name             Origin             Length             Attributes
rom              0x08000000         0x00010000         xr
ram              0x20000000         0x00002000         xrw
*default*        0x00000000         0xffffffff

Linker script and memory map

                0x20002000                _eram = 0x20002000

.text           0x08000000     0x88e8
 *(.isr_vector)
 .isr_vector    0x08000000      0x10c ..\obj\startup_stm32f10x_md.o
                0x08000000                g_pfnVectors
 *(.text*)
 .text.mcu_gpio_deinit
                0x0800010c      0x358 ..\obj\mcu_gpio.o
                0x0800010c                mcu_gpio_deinit
 .text.SysTick_Handler
                0x08000464       0x74 ..\obj\delay.o
                0x08000464                SysTick_Handler
 .text.delay_us
                0x080004d8       0x28 ..\obj\delay.o
                0x080004d8                delay_us
 .text.delay_ms
                0x08000500       0x30 ..\obj\delay.o
                0x08000500                delay_ms
 .text.TIM_TimeBaseInit
                0x08000530      0x100 ..\obj\stm32f10x_tim.o
                0x08000530                TIM_TimeBaseInit
 .text.TIM_OC3Init
                0x08000630      0x12c ..\obj\stm32f10x_tim.o
                0x08000630                TIM_OC3Init
 .text.TIM_TimeBaseStructInit
                0x0800075c       0x3c ..\obj\stm32f10x_tim.o
                0x0800075c                TIM_TimeBaseStructInit
 .text.TIM_Cmd  0x08000798       0x40 ..\obj\stm32f10x_tim.o
                0x08000798                TIM_Cmd
 .text.TIM_ITConfig
                0x080007d8       0x4c ..\obj\stm32f10x_tim.o
                0x080007d8                TIM_ITConfig
 .text.TIM_GenerateEvent
                0x08000824       0x1c ..\obj\stm32f10x_tim.o
                0x08000824                TIM_GenerateEvent
 .text.TIM_EncoderInterfaceConfig
                0x08000840       0x98 ..\obj\stm32f10x_tim.o
                0x08000840                TIM_EncoderInterfaceConfig
 .text.TIM_SelectOnePulseMode
                0x080008d8       0x38 ..\obj\stm32f10x_tim.o
                0x080008d8                TIM_SelectOnePulseMode
 .text.TIM_ClearFlag
                0x08000910       0x24 ..\obj\stm32f10x_tim.o
                0x08000910                TIM_ClearFlag
 .text.NVIC_EnableIRQ
                0x08000934       0x34 ..\obj\mcu_tim.o
 .text.NVIC_SetPriority
                0x08000968       0x58 ..\obj\mcu_tim.o
 .text.init_tim
                0x080009c0      0x138 ..\obj\mcu_tim.o
                0x080009c0                init_tim
 .text.i2cm_init
                0x08000af8       0xc0 ..\obj\i2cm.o
                0x08000af8                i2cm_init
 .text.i2cm_Start
                0x08000bb8       0xe4 ..\obj\i2cm.o
                0x08000bb8                i2cm_Start
 .text.i2cm_Stop
                0x08000c9c       0x50 ..\obj\i2cm.o
                0x08000c9c                i2cm_Stop
 .text.i2cm_WriteBuff
                0x08000cec       0x80 ..\obj\i2cm.o
                0x08000cec                i2cm_WriteBuff
 .text.i2cm_ReadBuffAndStop
                0x08000d6c      0x230 ..\obj\i2cm.o
                0x08000d6c                i2cm_ReadBuffAndStop
 .text.SystemInit
                0x08000f9c       0x70 ..\obj\system_stm32f10x.o
                0x08000f9c                SystemInit
 .text.SetSysClock
                0x0800100c        0xc ..\obj\system_stm32f10x.o
 .text.SetSysClockTo24
                0x08001018       0xdc ..\obj\system_stm32f10x.o
 .text.Default_Reset_Handler
                0x080010f4       0x68 ..\obj\startup_stm32f10x_md.o
                0x080010f4                Default_Reset_Handler
                0x080010f4                Reset_Handler
 .text.Default_Handler
                0x0800115c        0x8 ..\obj\startup_stm32f10x_md.o
                0x0800115c                EXTI2_IRQHandler
                0x0800115c                DebugMon_Handler
                0x0800115c                TIM1_CC_IRQHandler
                0x0800115c                HardFault_Handler
                0x0800115c                PVD_IRQHandler
                0x0800115c                PendSV_Handler
                0x0800115c                NMI_Handler
                0x0800115c                EXTI3_IRQHandler
                0x0800115c                EXTI0_IRQHandler
                0x0800115c                I2C2_EV_IRQHandler
                0x0800115c                UsageFault_Handler
                0x0800115c                ADC1_2_IRQHandler
                0x0800115c                SPI1_IRQHandler
                0x0800115c                TAMPER_IRQHandler
                0x0800115c                DMA1_Channel4_IRQHandler
                0x0800115c                USART3_IRQHandler
                0x0800115c                RTC_IRQHandler
                0x0800115c                DMA1_Channel7_IRQHandler
                0x0800115c                CAN1_RX1_IRQHandler
                0x0800115c                TIM4_IRQHandler
                0x0800115c                I2C1_EV_IRQHandler
                0x0800115c                DMA1_Channel6_IRQHandler
                0x0800115c                TIM3_IRQHandler
                0x0800115c                RCC_IRQHandler
                0x0800115c                TIM1_TRG_COM_IRQHandler
                0x0800115c                DMA1_Channel1_IRQHandler
                0x0800115c                EXTI15_10_IRQHandler
                0x0800115c                EXTI9_5_IRQHandler
                0x0800115c                SPI2_IRQHandler
                0x0800115c                MemManage_Handler
                0x0800115c                SVC_Handler
                0x0800115c                DMA1_Channel5_IRQHandler
                0x0800115c                EXTI4_IRQHandler
                0x0800115c                USB_LP_CAN1_RX0_IRQHandler
                0x0800115c                USB_HP_CAN1_TX_IRQHandler
                0x0800115c                DMA1_Channel3_IRQHandler
                0x0800115c                TIM1_UP_IRQHandler
                0x0800115c                WWDG_IRQHandler
                0x0800115c                TIM2_IRQHandler
                0x0800115c                TIM1_BRK_IRQHandler
                0x0800115c                EXTI1_IRQHandler
                0x0800115c                RTCAlarm_IRQHandler
                0x0800115c                USART2_IRQHandler
                0x0800115c                I2C2_ER_IRQHandler
                0x0800115c                DMA1_Channel2_IRQHandler
                0x0800115c                CAN1_SCE_IRQHandler
                0x0800115c                FLASH_IRQHandler
                0x0800115c                BusFault_Handler
                0x0800115c                USART1_IRQHandler
                0x0800115c                I2C1_ER_IRQHandler
                0x0800115c                USBWakeUp_IRQHandler
 .text.GPIO_Init
                0x08001164      0x1c0 ..\obj\stm32f10x_gpio.o
                0x08001164                GPIO_Init
 .text.NVIC_SetPriority
                0x08001324       0x58 ..\obj\main.o
 .text.SysTick_Config
                0x0800137c       0x54 ..\obj\main.o
 .text.main     0x080013d0      0x1b0 ..\obj\main.o
                0x080013d0                main
 .text.turnon_backlight
                0x08001580       0x10 ..\obj\main.o
                0x08001580                turnon_backlight
 .text.init_All
                0x08001590       0xbc ..\obj\main.o
                0x08001590                init_All
 .text.RCC_GetClocksFreq
                0x0800164c      0x17c ..\obj\stm32f10x_rcc.o
                0x0800164c                RCC_GetClocksFreq
 .text.RCC_APB2PeriphClockCmd
                0x080017c8       0x44 ..\obj\stm32f10x_rcc.o
                0x080017c8                RCC_APB2PeriphClockCmd
 .text.RCC_APB1PeriphClockCmd
                0x0800180c       0x44 ..\obj\stm32f10x_rcc.o
                0x0800180c                RCC_APB1PeriphClockCmd
 .text.RCC_APB1PeriphResetCmd
                0x08001850       0x44 ..\obj\stm32f10x_rcc.o
                0x08001850                RCC_APB1PeriphResetCmd
 .text.hd44780_read
                0x08001894      0x16c ..\obj\hd44780.o
                0x08001894                hd44780_read
 .text.hd44780_write
                0x08001a00      0x188 ..\obj\hd44780.o
                0x08001a00                hd44780_write
 .text.hd44780_waitbisy
                0x08001b88       0x44 ..\obj\hd44780.o
                0x08001b88                hd44780_waitbisy
 .text.hd44780_write_cmd
                0x08001bcc       0x28 ..\obj\hd44780.o
                0x08001bcc                hd44780_write_cmd
 .text.hd44780_write_data
                0x08001bf4       0x28 ..\obj\hd44780.o
                0x08001bf4                hd44780_write_data
 .text.hd44780_backlight_set
                0x08001c1c       0x60 ..\obj\hd44780.o
                0x08001c1c                hd44780_backlight_set
 .text.hd44780_bus_init
                0x08001c7c       0x10 ..\obj\hd44780.o
                0x08001c7c                hd44780_bus_init
 .text.hd44780_start
                0x08001c8c       0x90 ..\obj\hd44780.o
                0x08001c8c                hd44780_start
 .text.hd44780_init
                0x08001d1c       0x18 ..\obj\hd44780.o
                0x08001d1c                hd44780_init
 .text.hd44780_goto_xy
                0x08001d34       0x5c ..\obj\hd44780.o
                0x08001d34                hd44780_goto_xy
 .text.hd44780_clear
                0x08001d90       0x10 ..\obj\hd44780.o
                0x08001d90                hd44780_clear
 .text.hd44780_puts
                0x08001da0       0x7c ..\obj\hd44780.o
                0x08001da0                hd44780_puts
 .text.hd44780_printf
                0x08001e1c       0x34 ..\obj\hd44780.o
                0x08001e1c                hd44780_printf
 .text.hd44780_set_user_char
                0x08001e50       0x58 ..\obj\hd44780.o
                0x08001e50                hd44780_set_user_char
 .text.get_solder_settemp
                0x08001ea8       0x14 ..\obj\mcu_adc.o
                0x08001ea8                get_solder_settemp
 .text.get_airfen_settemp
                0x08001ebc       0x14 ..\obj\mcu_adc.o
                0x08001ebc                get_airfen_settemp
 .text.get_airfen_airflow_perc_value
                0x08001ed0       0x44 ..\obj\mcu_adc.o
                0x08001ed0                get_airfen_airflow_perc_value
 .text.get_value_w_precision
                0x08001f14       0x70 ..\obj\mcu_adc.o
                0x08001f14                get_value_w_precision
 .text._sbrk    0x08001f84       0x40 ..\obj\syscalls.o
                0x08001f84                _sbrk
 .text.I2C_DeInit
                0x08001fc4       0x50 ..\obj\stm32f10x_i2c.o
                0x08001fc4                I2C_DeInit
 .text.I2C_Init
                0x08002014      0x1b0 ..\obj\stm32f10x_i2c.o
                0x08002014                I2C_Init
 .text.I2C_Cmd  0x080021c4       0x40 ..\obj\stm32f10x_i2c.o
                0x080021c4                I2C_Cmd
 .text.I2C_GenerateSTART
                0x08002204       0x40 ..\obj\stm32f10x_i2c.o
                0x08002204                I2C_GenerateSTART
 .text.I2C_GenerateSTOP
                0x08002244       0x40 ..\obj\stm32f10x_i2c.o
                0x08002244                I2C_GenerateSTOP
 .text.I2C_AcknowledgeConfig
                0x08002284       0x40 ..\obj\stm32f10x_i2c.o
                0x08002284                I2C_AcknowledgeConfig
 .text.I2C_SendData
                0x080022c4       0x20 ..\obj\stm32f10x_i2c.o
                0x080022c4                I2C_SendData
 .text.I2C_ReceiveData
                0x080022e4       0x1c ..\obj\stm32f10x_i2c.o
                0x080022e4                I2C_ReceiveData
 .text.I2C_Send7bitAddress
                0x08002300       0x3c ..\obj\stm32f10x_i2c.o
                0x08002300                I2C_Send7bitAddress
 .text.I2C_NACKPositionConfig
                0x0800233c       0x40 ..\obj\stm32f10x_i2c.o
                0x0800233c                I2C_NACKPositionConfig
 .text.I2C_CheckEvent
                0x0800237c       0x70 ..\obj\stm32f10x_i2c.o
                0x0800237c                I2C_CheckEvent
 .text.I2C_GetFlagStatus
                0x080023ec       0x7c ..\obj\stm32f10x_i2c.o
                0x080023ec                I2C_GetFlagStatus
 .text.pcf8574_read
                0x08002468       0x6c ..\obj\pcf8574.o
                0x08002468                pcf8574_read
 .text.pcf8574_write
                0x080024d4       0x80 ..\obj\pcf8574.o
                0x080024d4                pcf8574_write
 .text.pcf8574_bus_init
                0x08002554       0x1c ..\obj\pcf8574.o
                0x08002554                pcf8574_bus_init
 .text          0x08002570       0x7c c:/coocox/arm-2011.03-coocox/bin/../lib/gcc/arm-none-eabi/4.5.2/../../../../arm-none-eabi/lib/thumb2\libc.a(lib_a-vsnprintf.o)
                0x08002570                _vsnprintf_r
                0x080025c8                vsnprintf
 .text          0x080025ec     0x1640 c:/coocox/arm-2011.03-coocox/bin/../lib/gcc/arm-none-eabi/4.5.2/../../../../arm-none-eabi/lib/thumb2\libc.a(lib_a-svfprintf.o)
                0x080025ec                _svfprintf_r
 *fill*         0x08003c2c        0x4 00
 .text          0x08003c30      0xfe8 c:/coocox/arm-2011.03-coocox/bin/../lib/gcc/arm-none-eabi/4.5.2/../../../../arm-none-eabi/lib/thumb2\libc.a(lib_a-dtoa.o)
                0x08003d5c                _dtoa_r
 .text          0x08004c18       0xa0 c:/coocox/arm-2011.03-coocox/bin/../lib/gcc/arm-none-eabi/4.5.2/../../../../arm-none-eabi/lib/thumb2\libc.a(lib_a-locale.o)
                0x08004c18                _setlocale_r
                0x08004c74                __locale_charset
                0x08004c80                __locale_mb_cur_max
                0x08004c8c                __locale_msgcharset
                0x08004c94                __locale_cjk_lang
                0x08004c98                _localeconv_r
                0x08004ca0                setlocale
                0x08004cb0                localeconv
 .text          0x08004cb8       0x20 c:/coocox/arm-2011.03-coocox/bin/../lib/gcc/arm-none-eabi/4.5.2/../../../../arm-none-eabi/lib/thumb2\libc.a(lib_a-malloc.o)
                0x08004cb8                malloc
                0x08004cc8                free
 .text          0x08004cd8      0x57c c:/coocox/arm-2011.03-coocox/bin/../lib/gcc/arm-none-eabi/4.5.2/../../../../arm-none-eabi/lib/thumb2\libc.a(lib_a-mallocr.o)
                0x08004cd8                _malloc_r
 .text          0x08005254       0x8c c:/coocox/arm-2011.03-coocox/bin/../lib/gcc/arm-none-eabi/4.5.2/../../../../arm-none-eabi/lib/thumb2\libc.a(lib_a-memchr.o)
                0x08005254                memchr
 .text          0x080052e0      0x150 c:/coocox/arm-2011.03-coocox/bin/../lib/gcc/arm-none-eabi/4.5.2/../../../../arm-none-eabi/lib/thumb2\libc.a(lib_a-memcpy.o)
                0x080052e0                memcpy
 .text          0x08005430        0x8 c:/coocox/arm-2011.03-coocox/bin/../lib/gcc/arm-none-eabi/4.5.2/../../../../arm-none-eabi/lib/thumb2\libc.a(lib_a-mlock.o)
                0x08005430                __malloc_lock
                0x08005434                __malloc_unlock
 .text          0x08005438      0x91c c:/coocox/arm-2011.03-coocox/bin/../lib/gcc/arm-none-eabi/4.5.2/../../../../arm-none-eabi/lib/thumb2\libc.a(lib_a-mprec.o)
                0x08005438                _Balloc
                0x080054a0                _Bfree
                0x080054d8                __multadd
                0x0800555c                __s2b
                0x080055f4                __hi0bits
                0x08005634                __lo0bits
                0x08005698                __i2b
                0x080056ac                __multiply
                0x080057d4                __pow5mult
                0x08005878                __lshift
                0x08005924                __mcmp
                0x08005960                __mdiff
                0x08005a58                __ulp
                0x08005aa0                __b2d
                0x08005b4c                __d2b
                0x08005c14                __ratio
                0x08005c7c                _mprec_log10
                0x08005cb0                __copybits
                0x08005cf8                __any_on
 .text          0x08005d54       0x90 c:/coocox/arm-2011.03-coocox/bin/../lib/gcc/arm-none-eabi/4.5.2/../../../../arm-none-eabi/lib/thumb2\libc.a(lib_a-s_fpclassify.o)
                0x08005d54                __fpclassifyd
 .text          0x08005de4       0x28 c:/coocox/arm-2011.03-coocox/bin/../lib/gcc/arm-none-eabi/4.5.2/../../../../arm-none-eabi/lib/thumb2\libc.a(lib_a-sbrkr.o)
                0x08005de4                _sbrk_r
 .text          0x08005e0c      0x1dc c:/coocox/arm-2011.03-coocox/bin/../lib/gcc/arm-none-eabi/4.5.2/../../../../arm-none-eabi/lib/thumb2\libc.a(lib_a-strcmp.o)
                0x08005e0c                strcmp
 .text          0x08005fe8       0x60 c:/coocox/arm-2011.03-coocox/bin/../lib/gcc/arm-none-eabi/4.5.2/../../../../arm-none-eabi/lib/thumb2\libc.a(lib_a-strlen.o)
                0x08005fe8                strlen
 .text          0x08006048      0xbe8 c:/coocox/arm-2011.03-coocox/bin/../lib/gcc/arm-none-eabi/4.5.2/../../../../arm-none-eabi/lib/thumb2\libc.a(lib_a-svfiprintf.o)
                0x08006048                __ssprint_r
                0x08006150                _svfiprintf_r
 .text          0x08006c30       0x5c c:/coocox/arm-2011.03-coocox/bin/../lib/gcc/arm-none-eabi/4.5.2/../../../../arm-none-eabi/lib/thumb2\libc.a(lib_a-callocr.o)
                0x08006c30                _calloc_r
 .text          0x08006c8c      0x240 c:/coocox/arm-2011.03-coocox/bin/../lib/gcc/arm-none-eabi/4.5.2/../../../../arm-none-eabi/lib/thumb2\libc.a(lib_a-freer.o)
                0x08006c8c                _malloc_trim_r
                0x08006d34                _free_r
 .text          0x08006ecc       0xb4 c:/coocox/arm-2011.03-coocox/bin/../lib/gcc/arm-none-eabi/4.5.2/../../../../arm-none-eabi/lib/thumb2\libc.a(lib_a-memmove.o)
                0x08006ecc                memmove
 .text          0x08006f80       0xb4 c:/coocox/arm-2011.03-coocox/bin/../lib/gcc/arm-none-eabi/4.5.2/../../../../arm-none-eabi/lib/thumb2\libc.a(lib_a-memset.o)
                0x08006f80                memset
 .text          0x08007034      0x41c c:/coocox/arm-2011.03-coocox/bin/../lib/gcc/arm-none-eabi/4.5.2/../../../../arm-none-eabi/lib/thumb2\libc.a(lib_a-reallocr.o)
                0x08007034                _realloc_r
 .text          0x08007450      0x278 c:/coocox/arm-2011.03-coocox/bin/../lib/gcc/arm-none-eabi/4.5.2/thumb2\libgcc.a(_udivsi3.o)
                0x08007450                __aeabi_uidiv
                0x08007450                __udivsi3
                0x080076ac                __aeabi_uidivmod
 .text          0x080076c8        0x4 c:/coocox/arm-2011.03-coocox/bin/../lib/gcc/arm-none-eabi/4.5.2/thumb2\libgcc.a(_dvmd_tls.o)
                0x080076c8                __aeabi_idiv0
                0x080076c8                __aeabi_ldiv0
 .text          0x080076cc      0x370 c:/coocox/arm-2011.03-coocox/bin/../lib/gcc/arm-none-eabi/4.5.2/thumb2\libgcc.a(_arm_addsubdf3.o)
                0x080076cc                __aeabi_drsub
                0x080076d4                __aeabi_dsub
                0x080076d4                __subdf3
                0x080076d8                __aeabi_dadd
                0x080076d8                __adddf3
                0x08007950                __floatunsidf
                0x08007950                __aeabi_ui2d
                0x08007970                __floatsidf
                0x08007970                __aeabi_i2d
                0x08007994                __aeabi_f2d
                0x08007994                __extendsfdf2
                0x080079d0                __floatundidf
                0x080079d0                __aeabi_ul2d
                0x080079e0                __floatdidf
                0x080079e0                __aeabi_l2d
 .text          0x08007a3c      0x424 c:/coocox/arm-2011.03-coocox/bin/../lib/gcc/arm-none-eabi/4.5.2/thumb2\libgcc.a(_arm_muldivdf3.o)
                0x08007a3c                __aeabi_dmul
                0x08007a3c                __muldf3
                0x08007c90                __divdf3
                0x08007c90                __aeabi_ddiv
 .text          0x08007e60      0x110 c:/coocox/arm-2011.03-coocox/bin/../lib/gcc/arm-none-eabi/4.5.2/thumb2\libgcc.a(_arm_cmpdf2.o)
                0x08007e60                __gtdf2
                0x08007e60                __gedf2
                0x08007e68                __ltdf2
                0x08007e68                __ledf2
                0x08007e70                __nedf2
                0x08007e70                __eqdf2
                0x08007e70                __cmpdf2
                0x08007eec                __aeabi_cdrcmple
                0x08007efc                __aeabi_cdcmpeq
                0x08007efc                __aeabi_cdcmple
                0x08007f0c                __aeabi_dcmpeq
                0x08007f20                __aeabi_dcmplt
                0x08007f34                __aeabi_dcmple
                0x08007f48                __aeabi_dcmpge
                0x08007f5c                __aeabi_dcmpgt
 .text          0x08007f70       0x50 c:/coocox/arm-2011.03-coocox/bin/../lib/gcc/arm-none-eabi/4.5.2/thumb2\libgcc.a(_arm_fixdfsi.o)
                0x08007f70                __aeabi_d2iz
                0x08007f70                __fixdfsi
 .text          0x08007fc0       0x2c c:/coocox/arm-2011.03-coocox/bin/../lib/gcc/arm-none-eabi/4.5.2/thumb2\libgcc.a(_aeabi_uldivmod.o)
                0x08007fc0                __aeabi_uldivmod
 .text          0x08007fec       0x60 c:/coocox/arm-2011.03-coocox/bin/../lib/gcc/arm-none-eabi/4.5.2/thumb2\libgcc.a(bpabi.o)
                0x08007fec                __gnu_ldivmod_helper
                0x0800801c                __gnu_uldivmod_helper
 .text          0x0800804c      0x360 c:/coocox/arm-2011.03-coocox/bin/../lib/gcc/arm-none-eabi/4.5.2/thumb2\libgcc.a(_divdi3.o)
                0x0800804c                __divdi3
 .text          0x080083ac      0x308 c:/coocox/arm-2011.03-coocox/bin/../lib/gcc/arm-none-eabi/4.5.2/thumb2\libgcc.a(_udivdi3.o)
                0x080083ac                __udivdi3
 *(.init)
 *(.fini)
 *crtbegin.o(.ctors)
 *crtbegin?.o(.ctors)
 *(EXCLUDE_FILE(*crtend.o *crtend?.o) .ctors)
 *(SORT(.ctors.*))
 *(.ctors)
 *crtbegin.o(.dtors)
 *crtbegin?.o(.dtors)
 *(EXCLUDE_FILE(*crtend.o *crtend?.o) .dtors)
 *(SORT(.dtors.*))
 *(.dtors)
 *(.rodata*)
 .rodata        0x080086b4       0x64 ..\obj\main.o
 .rodata.str1.4
                0x08008718        0x2 c:/coocox/arm-2011.03-coocox/bin/../lib/gcc/arm-none-eabi/4.5.2/../../../../arm-none-eabi/lib/thumb2\libc.a(lib_a-impure.o)
                                  0x4 (size before relaxing)
 *fill*         0x0800871a        0x2 00
 .rodata        0x0800871c       0x20 c:/coocox/arm-2011.03-coocox/bin/../lib/gcc/arm-none-eabi/4.5.2/../../../../arm-none-eabi/lib/thumb2\libc.a(lib_a-svfprintf.o)
 .rodata.str1.4
                0x0800873c       0x42 c:/coocox/arm-2011.03-coocox/bin/../lib/gcc/arm-none-eabi/4.5.2/../../../../arm-none-eabi/lib/thumb2\libc.a(lib_a-svfprintf.o)
                                 0x44 (size before relaxing)
 *fill*         0x0800877e        0x2 00
 .rodata.str1.4
                0x08008780       0x10 c:/coocox/arm-2011.03-coocox/bin/../lib/gcc/arm-none-eabi/4.5.2/../../../../arm-none-eabi/lib/thumb2\libc.a(lib_a-dtoa.o)
                                 0x14 (size before relaxing)
 .rodata.str1.4
                0x08008790        0xc c:/coocox/arm-2011.03-coocox/bin/../lib/gcc/arm-none-eabi/4.5.2/../../../../arm-none-eabi/lib/thumb2\libc.a(lib_a-locale.o)
                                 0x14 (size before relaxing)
 *fill*         0x0800879c        0x4 00
 .rodata        0x080087a0      0x128 c:/coocox/arm-2011.03-coocox/bin/../lib/gcc/arm-none-eabi/4.5.2/../../../../arm-none-eabi/lib/thumb2\libc.a(lib_a-mprec.o)
                0x080087b0                __mprec_tens
                0x08008878                __mprec_bigtens
                0x080088a0                __mprec_tinytens
 .rodata        0x080088c8       0x20 c:/coocox/arm-2011.03-coocox/bin/../lib/gcc/arm-none-eabi/4.5.2/../../../../arm-none-eabi/lib/thumb2\libc.a(lib_a-svfiprintf.o)
 .rodata.str1.4
                0x00000000       0x30 c:/coocox/arm-2011.03-coocox/bin/../lib/gcc/arm-none-eabi/4.5.2/../../../../arm-none-eabi/lib/thumb2\libc.a(lib_a-svfiprintf.o)
 *(.eh_fram e*)

.glue_7         0x080088e8        0x0
 .glue_7        0x00000000        0x0 linker stubs

.glue_7t        0x080088e8        0x0
 .glue_7t       0x00000000        0x0 linker stubs

.vfp11_veneer   0x080088e8        0x0
 .vfp11_veneer  0x00000000        0x0 linker stubs

.v4_bx          0x080088e8        0x0
 .v4_bx         0x00000000        0x0 linker stubs

.ARM.extab
 *(.ARM.extab* .gnu.linkonce.armextab.*)
                0x080088e8                __exidx_start = .

.ARM.exidx      0x080088e8        0x8
 *(.ARM.exidx* .gnu.linkonce.armexidx.*)
 .ARM.exidx     0x080088e8        0x8 c:/coocox/arm-2011.03-coocox/bin/../lib/gcc/arm-none-eabi/4.5.2/thumb2\libgcc.a(_divdi3.o)
 .ARM.exidx     0x080088f0        0x0 c:/coocox/arm-2011.03-coocox/bin/../lib/gcc/arm-none-eabi/4.5.2/thumb2\libgcc.a(_udivdi3.o)
                                  0x8 (size before relaxing)
                0x080088f0                __exidx_end = .
                0x080088f0                __etext = .
                0x080088f0                _sidata = __etext

.data           0x20000000      0x5a8 load address 0x080088f0
                0x20000000                __data_start__ = .
                0x20000000                _sdata = __data_start__
 *(vtable)
 *(.data*)
 .data          0x20000000       0x14 ..\obj\system_stm32f10x.o
                0x20000000                SystemCoreClock
                0x20000004                AHBPrescTable
 .data          0x20000014       0x14 ..\obj\stm32f10x_rcc.o
 .data          0x20000028       0xf4 c:/coocox/arm-2011.03-coocox/bin/../lib/gcc/arm-none-eabi/4.5.2/../../../../arm-none-eabi/lib/thumb2\libc.a(lib_a-impure.o)
                0x20000028                _impure_ptr
 .data          0x2000011c       0x7c c:/coocox/arm-2011.03-coocox/bin/../lib/gcc/arm-none-eabi/4.5.2/../../../../arm-none-eabi/lib/thumb2\libc.a(lib_a-locale.o)
                0x2000013c                __mb_cur_max
 .data          0x20000198      0x410 c:/coocox/arm-2011.03-coocox/bin/../lib/gcc/arm-none-eabi/4.5.2/../../../../arm-none-eabi/lib/thumb2\libc.a(lib_a-mallocr.o)
                0x20000198                __malloc_av_
                0x200005a0                __malloc_sbrk_base
                0x200005a4                __malloc_trim_threshold
                0x200005a8                . = ALIGN (0x4)
                0x200005a8                PROVIDE (__preinit_array_start, .)
 *(.preinit_array)
                0x200005a8                PROVIDE (__preinit_array_end, .)
                0x200005a8                . = ALIGN (0x4)
                0x200005a8                PROVIDE (__init_array_start, .)
 *(SORT(.init_array.*))
 *(.init_array)
                0x200005a8                PROVIDE (__init_array_end, .)
                0x200005a8                . = ALIGN (0x4)
                0x200005a8                PROVIDE (__fini_array_start, .)
 *(SORT(.fini_array.*))
 *(.fini_array)
                0x200005a8                PROVIDE (__fini_array_end, .)
 *(.jcr*)
                0x200005a8                . = ALIGN (0x4)
                0x200005a8                __data_end__ = .
                0x200005a8                _edata = __data_end__

.bss            0x200005a8       0x84 load address 0x08008e98
                0x200005a8                . = ALIGN (0x4)
                0x200005a8                __bss_start__ = .
                0x200005a8                _sbss = __bss_start__
 *(.bss*)
 .bss           0x200005a8        0x8 ..\obj\delay.o
 .bss           0x200005b0        0x4 ..\obj\main.o
 .bss           0x200005b4        0x2 ..\obj\hd44780.o
                0x200005b4                pcf8574_Value
                0x200005b5                LastRow
 *fill*         0x200005b6        0x2 00
 .bss           0x200005b8       0x10 ..\obj\mcu_adc.o
 .bss           0x200005c8        0x4 ..\obj\syscalls.o
 .bss           0x200005cc       0x34 c:/coocox/arm-2011.03-coocox/bin/../lib/gcc/arm-none-eabi/4.5.2/../../../../arm-none-eabi/lib/thumb2\libc.a(lib_a-mallocr.o)
                0x200005cc                __malloc_top_pad
                0x200005d0                __malloc_current_mallinfo
                0x200005f8                __malloc_max_sbrked_mem
                0x200005fc                __malloc_max_total_mem
 *(COMMON)
 COMMON         0x20000600       0x28 ..\obj\hd44780.o
                0x20000600                hd44780_StrBuff
 COMMON         0x20000628        0x4 c:/coocox/arm-2011.03-coocox/bin/../lib/gcc/arm-none-eabi/4.5.2/../../../../arm-none-eabi/lib/thumb2\libc.a(lib_a-reent.o)
                0x20000628                errno
                0x2000062c                . = ALIGN (0x4)
                0x2000062c                __bss_end__ = .
                0x2000062c                _ebss = __bss_end__

.heap           0x2000062c        0x0
                0x2000062c                __end__ = .
                0x2000062c                _end = __end__
                0x2000062c                end = __end__
 *(.heap*)
                0x2000062c                __HeapLimit = .

.co_stack       0x2000062c      0x404 load address 0x08008f1c
                0x20000630                . = ALIGN (0x8)
 *fill*         0x2000062c        0x4 00
 *(.co_stack .co_stack.*)
 .co_stack      0x20000630      0x400 ..\obj\startup_stm32f10x_md.o
                0x20000630                pulStack
                0x20002000                __StackTop = 0x20002000
                0x20001bfc                __StackLimit = (__StackTop - SIZEOF (.co_stack))
                0x20002000                PROVIDE (__stack, __StackTop)
                0x00000001                ASSERT ((__StackLimit >= __HeapLimit), region ram  overflowed with stack)
LOAD ..\obj\mcu_gpio.o
LOAD ..\obj\delay.o
LOAD ..\obj\stm32f10x_tim.o
LOAD ..\obj\mcu_tim.o
LOAD ..\obj\i2cm.o
LOAD ..\obj\system_stm32f10x.o
LOAD ..\obj\startup_stm32f10x_md.o
LOAD ..\obj\stm32f10x_gpio.o
LOAD ..\obj\main.o
LOAD ..\obj\stm32f10x_rcc.o
LOAD ..\obj\hd44780.o
LOAD ..\obj\cp866toepson.o
LOAD ..\obj\stm32f10x_adc.o
LOAD ..\obj\mcu_adc.o
LOAD ..\obj\syscalls.o
LOAD ..\obj\stm32f10x_dma.o
LOAD ..\obj\cp1251toepson.o
LOAD ..\obj\stm32f10x_i2c.o
LOAD ..\obj\pcf8574.o
START GROUP
LOAD c:/coocox/arm-2011.03-coocox/bin/../lib/gcc/arm-none-eabi/4.5.2/thumb2\libgcc.a
LOAD c:/coocox/arm-2011.03-coocox/bin/../lib/gcc/arm-none-eabi/4.5.2/../../../../arm-none-eabi/lib/thumb2\libc.a
END GROUP
OUTPUT(SolderStation.elf elf32-littlearm)

.debug_abbrev   0x00000000     0x1566
 .debug_abbrev  0x00000000       0xb0 ..\obj\mcu_gpio.o
 .debug_abbrev  0x000000b0       0xd8 ..\obj\delay.o
 .debug_abbrev  0x00000188      0x172 ..\obj\stm32f10x_tim.o
 .debug_abbrev  0x000002fa      0x192 ..\obj\mcu_tim.o
 .debug_abbrev  0x0000048c      0x14a ..\obj\i2cm.o
 .debug_abbrev  0x000005d6      0x153 ..\obj\system_stm32f10x.o
 .debug_abbrev  0x00000729       0xa3 ..\obj\startup_stm32f10x_md.o
 .debug_abbrev  0x000007cc      0x1a4 ..\obj\stm32f10x_gpio.o
 .debug_abbrev  0x00000970      0x175 ..\obj\main.o
 .debug_abbrev  0x00000ae5      0x191 ..\obj\stm32f10x_rcc.o
 .debug_abbrev  0x00000c76      0x1a9 ..\obj\hd44780.o
 .debug_abbrev  0x00000e1f        0x1 ..\obj\cp866toepson.o
 .debug_abbrev  0x00000e20      0x174 ..\obj\stm32f10x_adc.o
 .debug_abbrev  0x00000f94      0x16a ..\obj\mcu_adc.o
 .debug_abbrev  0x000010fe       0xde ..\obj\syscalls.o
 .debug_abbrev  0x000011dc      0x14e ..\obj\stm32f10x_dma.o
 .debug_abbrev  0x0000132a        0x1 ..\obj\cp1251toepson.o
 .debug_abbrev  0x0000132b      0x15d ..\obj\stm32f10x_i2c.o
 .debug_abbrev  0x00001488       0xde ..\obj\pcf8574.o

.debug_info     0x00000000     0x7cf5
 .debug_info    0x00000000      0x221 ..\obj\mcu_gpio.o
 .debug_info    0x00000221      0x1db ..\obj\delay.o
 .debug_info    0x000003fc     0x1e23 ..\obj\stm32f10x_tim.o
 .debug_info    0x0000221f      0x95f ..\obj\mcu_tim.o
 .debug_info    0x00002b7e      0x5f5 ..\obj\i2cm.o
 .debug_info    0x00003173      0x472 ..\obj\system_stm32f10x.o
 .debug_info    0x000035e5      0x143 ..\obj\startup_stm32f10x_md.o
 .debug_info    0x00003728      0x72e ..\obj\stm32f10x_gpio.o
 .debug_info    0x00003e56      0x72c ..\obj\main.o
 .debug_info    0x00004582      0x981 ..\obj\stm32f10x_rcc.o
 .debug_info    0x00004f03      0x571 ..\obj\hd44780.o
 .debug_info    0x00005474        0x0 ..\obj\cp866toepson.o
 .debug_info    0x00005474      0xc19 ..\obj\stm32f10x_adc.o
 .debug_info    0x0000608d      0x4d3 ..\obj\mcu_adc.o
 .debug_info    0x00006560      0x440 ..\obj\syscalls.o
 .debug_info    0x000069a0      0x4ad ..\obj\stm32f10x_dma.o
 .debug_info    0x00006e4d        0x0 ..\obj\cp1251toepson.o
 .debug_info    0x00006e4d      0xb9f ..\obj\stm32f10x_i2c.o
 .debug_info    0x000079ec      0x309 ..\obj\pcf8574.o

.debug_line     0x00000000     0x3630
 .debug_line    0x00000000      0x277 ..\obj\mcu_gpio.o
 .debug_line    0x00000277      0x1ab ..\obj\delay.o
 .debug_line    0x00000422      0xa4b ..\obj\stm32f10x_tim.o
 .debug_line    0x00000e6d      0x226 ..\obj\mcu_tim.o
 .debug_line    0x00001093      0x356 ..\obj\i2cm.o
 .debug_line    0x000013e9      0x215 ..\obj\system_stm32f10x.o
 .debug_line    0x000015fe       0xa9 ..\obj\startup_stm32f10x_md.o
 .debug_line    0x000016a7      0x36b ..\obj\stm32f10x_gpio.o
 .debug_line    0x00001a12      0x243 ..\obj\main.o
 .debug_line    0x00001c55      0x491 ..\obj\stm32f10x_rcc.o
 .debug_line    0x000020e6      0x352 ..\obj\hd44780.o
 .debug_line    0x00002438        0x0 ..\obj\cp866toepson.o
 .debug_line    0x00002438      0x4e0 ..\obj\stm32f10x_adc.o
 .debug_line    0x00002918      0x25f ..\obj\mcu_adc.o
 .debug_line    0x00002b77      0x1b1 ..\obj\syscalls.o
 .debug_line    0x00002d28      0x2c0 ..\obj\stm32f10x_dma.o
 .debug_line    0x00002fe8        0x0 ..\obj\cp1251toepson.o
 .debug_line    0x00002fe8      0x494 ..\obj\stm32f10x_i2c.o
 .debug_line    0x0000347c      0x1b4 ..\obj\pcf8574.o

.debug_loc      0x00000000     0x3c76
 .debug_loc     0x00000000       0x2c ..\obj\mcu_gpio.o
 .debug_loc     0x0000002c       0x9c ..\obj\delay.o
 .debug_loc     0x000000c8     0x13e8 ..\obj\stm32f10x_tim.o
 .debug_loc     0x000014b0      0x10c ..\obj\mcu_tim.o
 .debug_loc     0x000015bc      0x118 ..\obj\i2cm.o
 .debug_loc     0x000016d4       0xc8 ..\obj\system_stm32f10x.o
 .debug_loc     0x0000179c       0x64 ..\obj\startup_stm32f10x_md.o
 .debug_loc     0x00001800      0x3e4 ..\obj\stm32f10x_gpio.o
 .debug_loc     0x00001be4      0x10c ..\obj\main.o
 .debug_loc     0x00001cf0      0x714 ..\obj\stm32f10x_rcc.o
 .debug_loc     0x00002404      0x330 ..\obj\hd44780.o
 .debug_loc     0x00002734      0x7d4 ..\obj\stm32f10x_adc.o
 .debug_loc     0x00002f08      0x102 ..\obj\mcu_adc.o
 .debug_loc     0x0000300a      0x1ec ..\obj\syscalls.o
 .debug_loc     0x000031f6      0x268 ..\obj\stm32f10x_dma.o
 .debug_loc     0x0000345e      0x738 ..\obj\stm32f10x_i2c.o
 .debug_loc     0x00003b96       0xe0 ..\obj\pcf8574.o

.debug_pubnames
                0x00000000     0x18b9
 .debug_pubnames
                0x00000000       0x26 ..\obj\mcu_gpio.o
 .debug_pubnames
                0x00000026       0x40 ..\obj\delay.o
 .debug_pubnames
                0x00000066      0x7b0 ..\obj\stm32f10x_tim.o
 .debug_pubnames
                0x00000816       0x49 ..\obj\mcu_tim.o
 .debug_pubnames
                0x0000085f       0x69 ..\obj\i2cm.o
 .debug_pubnames
                0x000008c8       0x61 ..\obj\system_stm32f10x.o
 .debug_pubnames
                0x00000929       0x4a ..\obj\startup_stm32f10x_md.o
 .debug_pubnames
                0x00000973      0x19d ..\obj\stm32f10x_gpio.o
 .debug_pubnames
                0x00000b10       0x3d ..\obj\main.o
 .debug_pubnames
                0x00000b4d      0x2da ..\obj\stm32f10x_rcc.o
 .debug_pubnames
                0x00000e27      0x176 ..\obj\hd44780.o
 .debug_pubnames
                0x00000f9d      0x401 ..\obj\stm32f10x_adc.o
 .debug_pubnames
                0x0000139e       0x97 ..\obj\mcu_adc.o
 .debug_pubnames
                0x00001435       0x71 ..\obj\syscalls.o
 .debug_pubnames
                0x000014a6       0xea ..\obj\stm32f10x_dma.o
 .debug_pubnames
                0x00001590      0x2cb ..\obj\stm32f10x_i2c.o
 .debug_pubnames
                0x0000185b       0x5e ..\obj\pcf8574.o

.debug_pubtypes
                0x00000000      0x9cd
 .debug_pubtypes
                0x00000000       0x4c ..\obj\mcu_gpio.o
 .debug_pubtypes
                0x0000004c       0x59 ..\obj\delay.o
 .debug_pubtypes
                0x000000a5       0xe4 ..\obj\stm32f10x_tim.o
 .debug_pubtypes
                0x00000189       0xbf ..\obj\mcu_tim.o
 .debug_pubtypes
                0x00000248       0xc4 ..\obj\i2cm.o
 .debug_pubtypes
                0x0000030c       0x61 ..\obj\system_stm32f10x.o
 .debug_pubtypes
                0x0000036d       0xcf ..\obj\stm32f10x_gpio.o
 .debug_pubtypes
                0x0000043c       0xa7 ..\obj\main.o
 .debug_pubtypes
                0x000004e3       0xaa ..\obj\stm32f10x_rcc.o
 .debug_pubtypes
                0x0000058d       0x93 ..\obj\hd44780.o
 .debug_pubtypes
                0x00000620       0x98 ..\obj\stm32f10x_adc.o
 .debug_pubtypes
                0x000006b8       0xb7 ..\obj\mcu_adc.o
 .debug_pubtypes
                0x0000076f       0xaa ..\obj\syscalls.o
 .debug_pubtypes
                0x00000819       0xa4 ..\obj\stm32f10x_dma.o
 .debug_pubtypes
                0x000008bd       0xbe ..\obj\stm32f10x_i2c.o
 .debug_pubtypes
                0x0000097b       0x52 ..\obj\pcf8574.o

.debug_aranges  0x00000000      0xa58
 .debug_aranges
                0x00000000       0x20 ..\obj\mcu_gpio.o
 .debug_aranges
                0x00000020       0x30 ..\obj\delay.o
 .debug_aranges
                0x00000050      0x2f0 ..\obj\stm32f10x_tim.o
 .debug_aranges
                0x00000340       0x40 ..\obj\mcu_tim.o
 .debug_aranges
                0x00000380       0x40 ..\obj\i2cm.o
 .debug_aranges
                0x000003c0       0x38 ..\obj\system_stm32f10x.o
 .debug_aranges
                0x000003f8       0x28 ..\obj\startup_stm32f10x_md.o
 .debug_aranges
                0x00000420       0xa8 ..\obj\stm32f10x_gpio.o
 .debug_aranges
                0x000004c8       0x40 ..\obj\main.o
 .debug_aranges
                0x00000508      0x120 ..\obj\stm32f10x_rcc.o
 .debug_aranges
                0x00000628       0x90 ..\obj\hd44780.o
 .debug_aranges
                0x000006b8      0x138 ..\obj\stm32f10x_adc.o
 .debug_aranges
                0x000007f0       0x40 ..\obj\mcu_adc.o
 .debug_aranges
                0x00000830       0x60 ..\obj\syscalls.o
 .debug_aranges
                0x00000890       0x70 ..\obj\stm32f10x_dma.o
 .debug_aranges
                0x00000900      0x120 ..\obj\stm32f10x_i2c.o
 .debug_aranges
                0x00000a20       0x38 ..\obj\pcf8574.o

.debug_ranges   0x00000000      0x948
 .debug_ranges  0x00000000       0x10 ..\obj\mcu_gpio.o
 .debug_ranges  0x00000010       0x20 ..\obj\delay.o
 .debug_ranges  0x00000030      0x2e0 ..\obj\stm32f10x_tim.o
 .debug_ranges  0x00000310       0x30 ..\obj\mcu_tim.o
 .debug_ranges  0x00000340       0x30 ..\obj\i2cm.o
 .debug_ranges  0x00000370       0x28 ..\obj\system_stm32f10x.o
 .debug_ranges  0x00000398       0x18 ..\obj\startup_stm32f10x_md.o
 .debug_ranges  0x000003b0       0x98 ..\obj\stm32f10x_gpio.o
 .debug_ranges  0x00000448       0x30 ..\obj\main.o
 .debug_ranges  0x00000478      0x110 ..\obj\stm32f10x_rcc.o
 .debug_ranges  0x00000588       0x80 ..\obj\hd44780.o
 .debug_ranges  0x00000608      0x128 ..\obj\stm32f10x_adc.o
 .debug_ranges  0x00000730       0x30 ..\obj\mcu_adc.o
 .debug_ranges  0x00000760       0x50 ..\obj\syscalls.o
 .debug_ranges  0x000007b0       0x60 ..\obj\stm32f10x_dma.o
 .debug_ranges  0x00000810      0x110 ..\obj\stm32f10x_i2c.o
 .debug_ranges  0x00000920       0x28 ..\obj\pcf8574.o

.debug_str      0x00000000     0x2c68
 .debug_str     0x00000000      0x142 ..\obj\mcu_gpio.o
                                0x183 (size before relaxing)
 .debug_str     0x00000142       0x6f ..\obj\delay.o
                                0x139 (size before relaxing)
 .debug_str     0x000001b1      0xc0c ..\obj\stm32f10x_tim.o
                                0xd49 (size before relaxing)
 .debug_str     0x00000dbd      0x3eb ..\obj\mcu_tim.o
                                0x6d0 (size before relaxing)
 .debug_str     0x000011a8      0x269 ..\obj\i2cm.o
                                0x3ba (size before relaxing)
 .debug_str     0x00001411       0xd0 ..\obj\system_stm32f10x.o
                                0x246 (size before relaxing)
 .debug_str     0x000014e1       0xb7 ..\obj\startup_stm32f10x_md.o
                                 0xe2 (size before relaxing)
 .debug_str     0x00001598      0x268 ..\obj\stm32f10x_gpio.o
                                0x485 (size before relaxing)
 .debug_str     0x00001800       0xb3 ..\obj\main.o
                                0x52a (size before relaxing)
 .debug_str     0x000018b3      0x424 ..\obj\stm32f10x_rcc.o
                                0x5d9 (size before relaxing)
 .debug_str     0x00001cd7      0x1e9 ..\obj\hd44780.o
                                0x337 (size before relaxing)
 .debug_str     0x00001ec0      0x540 ..\obj\stm32f10x_adc.o
                                0x667 (size before relaxing)
 .debug_str     0x00002400      0x1e8 ..\obj\mcu_adc.o
                                0x3a2 (size before relaxing)
 .debug_str     0x000025e8      0x17b ..\obj\syscalls.o
                                0x288 (size before relaxing)
 .debug_str     0x00002763      0x146 ..\obj\stm32f10x_dma.o
                                0x32d (size before relaxing)
 .debug_str     0x000028a9      0x341 ..\obj\stm32f10x_i2c.o
                                0x5d2 (size before relaxing)
 .debug_str     0x00002bea       0x7e ..\obj\pcf8574.o
                                0x1cc (size before relaxing)

.comment        0x00000000       0x11
 .comment       0x00000000       0x11 ..\obj\mcu_gpio.o
                                 0x12 (size before relaxing)
 .comment       0x00000000       0x12 ..\obj\delay.o
 .comment       0x00000000       0x12 ..\obj\stm32f10x_tim.o
 .comment       0x00000000       0x12 ..\obj\mcu_tim.o
 .comment       0x00000000       0x12 ..\obj\i2cm.o
 .comment       0x00000000       0x12 ..\obj\system_stm32f10x.o
 .comment       0x00000000       0x12 ..\obj\startup_stm32f10x_md.o
 .comment       0x00000000       0x12 ..\obj\stm32f10x_gpio.o
 .comment       0x00000000       0x12 ..\obj\main.o
 .comment       0x00000000       0x12 ..\obj\stm32f10x_rcc.o
 .comment       0x00000000       0x12 ..\obj\hd44780.o
 .comment       0x00000000       0x12 ..\obj\cp866toepson.o
 .comment       0x00000000       0x12 ..\obj\stm32f10x_adc.o
 .comment       0x00000000       0x12 ..\obj\mcu_adc.o
 .comment       0x00000000       0x12 ..\obj\syscalls.o
 .comment       0x00000000       0x12 ..\obj\stm32f10x_dma.o
 .comment       0x00000000       0x12 ..\obj\cp1251toepson.o
 .comment       0x00000000       0x12 ..\obj\stm32f10x_i2c.o
 .comment       0x00000000       0x12 ..\obj\pcf8574.o

.ARM.attributes
                0x00000000       0x31
 .ARM.attributes
                0x00000000       0x31 ..\obj\mcu_gpio.o
 .ARM.attributes
                0x00000031       0x31 ..\obj\delay.o
 .ARM.attributes
                0x00000062       0x31 ..\obj\stm32f10x_tim.o
 .ARM.attributes
                0x00000093       0x31 ..\obj\mcu_tim.o
 .ARM.attributes
                0x000000c4       0x31 ..\obj\i2cm.o
 .ARM.attributes
                0x000000f5       0x31 ..\obj\system_stm32f10x.o
 .ARM.attributes
                0x00000126       0x31 ..\obj\startup_stm32f10x_md.o
 .ARM.attributes
                0x00000157       0x31 ..\obj\stm32f10x_gpio.o
 .ARM.attributes
                0x00000188       0x31 ..\obj\main.o
 .ARM.attributes
                0x000001b9       0x31 ..\obj\stm32f10x_rcc.o
 .ARM.attributes
                0x000001ea       0x31 ..\obj\hd44780.o
 .ARM.attributes
                0x0000021b       0x31 ..\obj\cp866toepson.o
 .ARM.attributes
                0x0000024c       0x31 ..\obj\stm32f10x_adc.o
 .ARM.attributes
                0x0000027d       0x31 ..\obj\mcu_adc.o
 .ARM.attributes
                0x000002ae       0x31 ..\obj\syscalls.o
 .ARM.attributes
                0x000002df       0x31 ..\obj\stm32f10x_dma.o
 .ARM.attributes
                0x00000310       0x31 ..\obj\cp1251toepson.o
 .ARM.attributes
                0x00000341       0x31 ..\obj\stm32f10x_i2c.o
 .ARM.attributes
                0x00000372       0x31 ..\obj\pcf8574.o
 .ARM.attributes
                0x000003a3       0x29 c:/coocox/arm-2011.03-coocox/bin/../lib/gcc/arm-none-eabi/4.5.2/../../../../arm-none-eabi/lib/thumb2\libc.a(lib_a-vsnprintf.o)
 .ARM.attributes
                0x000003cc       0x29 c:/coocox/arm-2011.03-coocox/bin/../lib/gcc/arm-none-eabi/4.5.2/../../../../arm-none-eabi/lib/thumb2\libc.a(lib_a-impure.o)
 .ARM.attributes
                0x000003f5       0x29 c:/coocox/arm-2011.03-coocox/bin/../lib/gcc/arm-none-eabi/4.5.2/../../../../arm-none-eabi/lib/thumb2\libc.a(lib_a-svfprintf.o)
 .ARM.attributes
                0x0000041e       0x29 c:/coocox/arm-2011.03-coocox/bin/../lib/gcc/arm-none-eabi/4.5.2/../../../../arm-none-eabi/lib/thumb2\libc.a(lib_a-dtoa.o)
 .ARM.attributes
                0x00000447       0x29 c:/coocox/arm-2011.03-coocox/bin/../lib/gcc/arm-none-eabi/4.5.2/../../../../arm-none-eabi/lib/thumb2\libc.a(lib_a-locale.o)
 .ARM.attributes
                0x00000470       0x29 c:/coocox/arm-2011.03-coocox/bin/../lib/gcc/arm-none-eabi/4.5.2/../../../../arm-none-eabi/lib/thumb2\libc.a(lib_a-malloc.o)
 .ARM.attributes
                0x00000499       0x29 c:/coocox/arm-2011.03-coocox/bin/../lib/gcc/arm-none-eabi/4.5.2/../../../../arm-none-eabi/lib/thumb2\libc.a(lib_a-mallocr.o)
 .ARM.attributes
                0x000004c2       0x29 c:/coocox/arm-2011.03-coocox/bin/../lib/gcc/arm-none-eabi/4.5.2/../../../../arm-none-eabi/lib/thumb2\libc.a(lib_a-memchr.o)
 .ARM.attributes
                0x000004eb       0x29 c:/coocox/arm-2011.03-coocox/bin/../lib/gcc/arm-none-eabi/4.5.2/../../../../arm-none-eabi/lib/thumb2\libc.a(lib_a-memcpy.o)
 .ARM.attributes
                0x00000514       0x29 c:/coocox/arm-2011.03-coocox/bin/../lib/gcc/arm-none-eabi/4.5.2/../../../../arm-none-eabi/lib/thumb2\libc.a(lib_a-mlock.o)
 .ARM.attributes
                0x0000053d       0x29 c:/coocox/arm-2011.03-coocox/bin/../lib/gcc/arm-none-eabi/4.5.2/../../../../arm-none-eabi/lib/thumb2\libc.a(lib_a-mprec.o)
 .ARM.attributes
                0x00000566       0x29 c:/coocox/arm-2011.03-coocox/bin/../lib/gcc/arm-none-eabi/4.5.2/../../../../arm-none-eabi/lib/thumb2\libc.a(lib_a-s_fpclassify.o)
 .ARM.attributes
                0x0000058f       0x29 c:/coocox/arm-2011.03-coocox/bin/../lib/gcc/arm-none-eabi/4.5.2/../../../../arm-none-eabi/lib/thumb2\libc.a(lib_a-sbrkr.o)
 .ARM.attributes
                0x000005b8       0x29 c:/coocox/arm-2011.03-coocox/bin/../lib/gcc/arm-none-eabi/4.5.2/../../../../arm-none-eabi/lib/thumb2\libc.a(lib_a-strcmp.o)
 .ARM.attributes
                0x000005e1       0x29 c:/coocox/arm-2011.03-coocox/bin/../lib/gcc/arm-none-eabi/4.5.2/../../../../arm-none-eabi/lib/thumb2\libc.a(lib_a-strlen.o)
 .ARM.attributes
                0x0000060a       0x29 c:/coocox/arm-2011.03-coocox/bin/../lib/gcc/arm-none-eabi/4.5.2/../../../../arm-none-eabi/lib/thumb2\libc.a(lib_a-svfiprintf.o)
 .ARM.attributes
                0x00000633       0x29 c:/coocox/arm-2011.03-coocox/bin/../lib/gcc/arm-none-eabi/4.5.2/../../../../arm-none-eabi/lib/thumb2\libc.a(lib_a-callocr.o)
 .ARM.attributes
                0x0000065c       0x29 c:/coocox/arm-2011.03-coocox/bin/../lib/gcc/arm-none-eabi/4.5.2/../../../../arm-none-eabi/lib/thumb2\libc.a(lib_a-freer.o)
 .ARM.attributes
                0x00000685       0x29 c:/coocox/arm-2011.03-coocox/bin/../lib/gcc/arm-none-eabi/4.5.2/../../../../arm-none-eabi/lib/thumb2\libc.a(lib_a-memmove.o)
 .ARM.attributes
                0x000006ae       0x29 c:/coocox/arm-2011.03-coocox/bin/../lib/gcc/arm-none-eabi/4.5.2/../../../../arm-none-eabi/lib/thumb2\libc.a(lib_a-memset.o)
 .ARM.attributes
                0x000006d7       0x29 c:/coocox/arm-2011.03-coocox/bin/../lib/gcc/arm-none-eabi/4.5.2/../../../../arm-none-eabi/lib/thumb2\libc.a(lib_a-reallocr.o)
 .ARM.attributes
                0x00000700       0x29 c:/coocox/arm-2011.03-coocox/bin/../lib/gcc/arm-none-eabi/4.5.2/../../../../arm-none-eabi/lib/thumb2\libc.a(lib_a-reent.o)
 .ARM.attributes
                0x00000729       0x1b c:/coocox/arm-2011.03-coocox/bin/../lib/gcc/arm-none-eabi/4.5.2/thumb2\libgcc.a(_udivsi3.o)
 .ARM.attributes
                0x00000744       0x1b c:/coocox/arm-2011.03-coocox/bin/../lib/gcc/arm-none-eabi/4.5.2/thumb2\libgcc.a(_dvmd_tls.o)
 .ARM.attributes
                0x0000075f       0x1b c:/coocox/arm-2011.03-coocox/bin/../lib/gcc/arm-none-eabi/4.5.2/thumb2\libgcc.a(_arm_addsubdf3.o)
 .ARM.attributes
                0x0000077a       0x1b c:/coocox/arm-2011.03-coocox/bin/../lib/gcc/arm-none-eabi/4.5.2/thumb2\libgcc.a(_arm_muldivdf3.o)
 .ARM.attributes
                0x00000795       0x1b c:/coocox/arm-2011.03-coocox/bin/../lib/gcc/arm-none-eabi/4.5.2/thumb2\libgcc.a(_arm_cmpdf2.o)
 .ARM.attributes
                0x000007b0       0x1b c:/coocox/arm-2011.03-coocox/bin/../lib/gcc/arm-none-eabi/4.5.2/thumb2\libgcc.a(_arm_fixdfsi.o)
 .ARM.attributes
                0x000007cb       0x1b c:/coocox/arm-2011.03-coocox/bin/../lib/gcc/arm-none-eabi/4.5.2/thumb2\libgcc.a(_aeabi_uldivmod.o)
 .ARM.attributes
                0x000007e6       0x29 c:/coocox/arm-2011.03-coocox/bin/../lib/gcc/arm-none-eabi/4.5.2/thumb2\libgcc.a(bpabi.o)
 .ARM.attributes
                0x0000080f       0x29 c:/coocox/arm-2011.03-coocox/bin/../lib/gcc/arm-none-eabi/4.5.2/thumb2\libgcc.a(_divdi3.o)
 .ARM.attributes
                0x00000838       0x29 c:/coocox/arm-2011.03-coocox/bin/../lib/gcc/arm-none-eabi/4.5.2/thumb2\libgcc.a(_udivdi3.o)

.debug_frame    0x00000000     0x287c
 .debug_frame   0x00000000       0x2c ..\obj\mcu_gpio.o
 .debug_frame   0x0000002c       0x60 ..\obj\delay.o
 .debug_frame   0x0000008c      0xa20 ..\obj\stm32f10x_tim.o
 .debug_frame   0x00000aac       0xa0 ..\obj\mcu_tim.o
 .debug_frame   0x00000b4c       0xb0 ..\obj\i2cm.o
 .debug_frame   0x00000bfc       0x80 ..\obj\system_stm32f10x.o
 .debug_frame   0x00000c7c       0x48 ..\obj\startup_stm32f10x_md.o
 .debug_frame   0x00000cc4      0x210 ..\obj\stm32f10x_gpio.o
 .debug_frame   0x00000ed4       0xa8 ..\obj\main.o
 .debug_frame   0x00000f7c      0x3a4 ..\obj\stm32f10x_rcc.o
 .debug_frame   0x00001320      0x1ec ..\obj\hd44780.o
 .debug_frame   0x0000150c      0x400 ..\obj\stm32f10x_adc.o
 .debug_frame   0x0000190c       0xa4 ..\obj\mcu_adc.o
 .debug_frame   0x000019b0      0x108 ..\obj\syscalls.o
 .debug_frame   0x00001ab8      0x144 ..\obj\stm32f10x_dma.o
 .debug_frame   0x00001bfc      0x3b4 ..\obj\stm32f10x_i2c.o
 .debug_frame   0x00001fb0       0x90 ..\obj\pcf8574.o
 .debug_frame   0x00002040       0x58 c:/coocox/arm-2011.03-coocox/bin/../lib/gcc/arm-none-eabi/4.5.2/../../../../arm-none-eabi/lib/thumb2\libc.a(lib_a-vsnprintf.o)
 .debug_frame   0x00002098       0x3c c:/coocox/arm-2011.03-coocox/bin/../lib/gcc/arm-none-eabi/4.5.2/../../../../arm-none-eabi/lib/thumb2\libc.a(lib_a-svfprintf.o)
 .debug_frame   0x000020d4       0x68 c:/coocox/arm-2011.03-coocox/bin/../lib/gcc/arm-none-eabi/4.5.2/../../../../arm-none-eabi/lib/thumb2\libc.a(lib_a-dtoa.o)
 .debug_frame   0x0000213c       0x98 c:/coocox/arm-2011.03-coocox/bin/../lib/gcc/arm-none-eabi/4.5.2/../../../../arm-none-eabi/lib/thumb2\libc.a(lib_a-locale.o)
 .debug_frame   0x000021d4       0x30 c:/coocox/arm-2011.03-coocox/bin/../lib/gcc/arm-none-eabi/4.5.2/../../../../arm-none-eabi/lib/thumb2\libc.a(lib_a-malloc.o)
 .debug_frame   0x00002204       0x3c c:/coocox/arm-2011.03-coocox/bin/../lib/gcc/arm-none-eabi/4.5.2/../../../../arm-none-eabi/lib/thumb2\libc.a(lib_a-mallocr.o)
 .debug_frame   0x00002240       0x2c c:/coocox/arm-2011.03-coocox/bin/../lib/gcc/arm-none-eabi/4.5.2/../../../../arm-none-eabi/lib/thumb2\libc.a(lib_a-memchr.o)
 .debug_frame   0x0000226c       0x30 c:/coocox/arm-2011.03-coocox/bin/../lib/gcc/arm-none-eabi/4.5.2/../../../../arm-none-eabi/lib/thumb2\libc.a(lib_a-memcpy.o)
 .debug_frame   0x0000229c       0x30 c:/coocox/arm-2011.03-coocox/bin/../lib/gcc/arm-none-eabi/4.5.2/../../../../arm-none-eabi/lib/thumb2\libc.a(lib_a-mlock.o)
 .debug_frame   0x000022cc      0x244 c:/coocox/arm-2011.03-coocox/bin/../lib/gcc/arm-none-eabi/4.5.2/../../../../arm-none-eabi/lib/thumb2\libc.a(lib_a-mprec.o)
 .debug_frame   0x00002510       0x28 c:/coocox/arm-2011.03-coocox/bin/../lib/gcc/arm-none-eabi/4.5.2/../../../../arm-none-eabi/lib/thumb2\libc.a(lib_a-s_fpclassify.o)
 .debug_frame   0x00002538       0x2c c:/coocox/arm-2011.03-coocox/bin/../lib/gcc/arm-none-eabi/4.5.2/../../../../arm-none-eabi/lib/thumb2\libc.a(lib_a-sbrkr.o)
 .debug_frame   0x00002564       0x30 c:/coocox/arm-2011.03-coocox/bin/../lib/gcc/arm-none-eabi/4.5.2/../../../../arm-none-eabi/lib/thumb2\libc.a(lib_a-strcmp.o)
 .debug_frame   0x00002594       0x20 c:/coocox/arm-2011.03-coocox/bin/../lib/gcc/arm-none-eabi/4.5.2/../../../../arm-none-eabi/lib/thumb2\libc.a(lib_a-strlen.o)
 .debug_frame   0x000025b4       0x68 c:/coocox/arm-2011.03-coocox/bin/../lib/gcc/arm-none-eabi/4.5.2/../../../../arm-none-eabi/lib/thumb2\libc.a(lib_a-svfiprintf.o)
 .debug_frame   0x0000261c       0x2c c:/coocox/arm-2011.03-coocox/bin/../lib/gcc/arm-none-eabi/4.5.2/../../../../arm-none-eabi/lib/thumb2\libc.a(lib_a-callocr.o)
 .debug_frame   0x00002648       0x50 c:/coocox/arm-2011.03-coocox/bin/../lib/gcc/arm-none-eabi/4.5.2/../../../../arm-none-eabi/lib/thumb2\libc.a(lib_a-freer.o)
 .debug_frame   0x00002698       0x2c c:/coocox/arm-2011.03-coocox/bin/../lib/gcc/arm-none-eabi/4.5.2/../../../../arm-none-eabi/lib/thumb2\libc.a(lib_a-memmove.o)
 .debug_frame   0x000026c4       0x2c c:/coocox/arm-2011.03-coocox/bin/../lib/gcc/arm-none-eabi/4.5.2/../../../../arm-none-eabi/lib/thumb2\libc.a(lib_a-memset.o)
 .debug_frame   0x000026f0       0x3c c:/coocox/arm-2011.03-coocox/bin/../lib/gcc/arm-none-eabi/4.5.2/../../../../arm-none-eabi/lib/thumb2\libc.a(lib_a-reallocr.o)
 .debug_frame   0x0000272c       0x68 c:/coocox/arm-2011.03-coocox/bin/../lib/gcc/arm-none-eabi/4.5.2/../../../../arm-none-eabi/lib/thumb2\libc.a(lib_a-reent.o)
 .debug_frame   0x00002794       0x20 c:/coocox/arm-2011.03-coocox/bin/../lib/gcc/arm-none-eabi/4.5.2/thumb2\libgcc.a(_udivsi3.o)
 .debug_frame   0x000027b4       0x50 c:/coocox/arm-2011.03-coocox/bin/../lib/gcc/arm-none-eabi/4.5.2/thumb2\libgcc.a(bpabi.o)
 .debug_frame   0x00002804       0x3c c:/coocox/arm-2011.03-coocox/bin/../lib/gcc/arm-none-eabi/4.5.2/thumb2\libgcc.a(_divdi3.o)
 .debug_frame   0x00002840       0x3c c:/coocox/arm-2011.03-coocox/bin/../lib/gcc/arm-none-eabi/4.5.2/thumb2\libgcc.a(_udivdi3.o)
